
*** Running vivado
    with args -log Mycpu_top.vds -m64 -product Vivado -mode batch -messageDb vivado.pb -notrace -source Mycpu_top.tcl


****** Vivado v2019.1 (64-bit)
  **** SW Build 2552052 on Fri May 24 14:49:42 MDT 2019
  **** IP Build 2548770 on Fri May 24 18:01:18 MDT 2019
    ** Copyright 1986-2019 Xilinx, Inc. All Rights Reserved.

source Mycpu_top.tcl -notrace
Command: synth_design -top Mycpu_top -part xc7a35tcsg324-1
Starting synth_design
Attempting to get a license for feature 'Synthesis' and/or device 'xc7a35t'
INFO: [Common 17-349] Got license for feature 'Synthesis' and/or device 'xc7a35t'
INFO: [Device 21-403] Loading part xc7a35tcsg324-1
INFO: Launching helper process for spawning children vivado processes
INFO: Helper process launched with PID 10840 
---------------------------------------------------------------------------------
Starting RTL Elaboration : Time (s): cpu = 00:00:01 ; elapsed = 00:00:02 . Memory (MB): peak = 793.363 ; gain = 177.711
---------------------------------------------------------------------------------
INFO: [Synth 8-6157] synthesizing module 'Mycpu_top' [D:/homework/AI_computer/Hardware_System_Design/myCPU/CPUfpga.srcs/sources_1/imports/TINYCPU/fpga/Mycpu_top.v:5]
INFO: [Synth 8-6157] synthesizing module 'Stall_btn' [D:/homework/AI_computer/Hardware_System_Design/myCPU/CPUfpga.srcs/sources_1/imports/TINYCPU/fpga/Stall_btn.v:3]
INFO: [Synth 8-6157] synthesizing module 'btn_out' [D:/homework/AI_computer/Hardware_System_Design/myCPU/CPUfpga.srcs/sources_1/imports/TINYCPU/fpga/btn_out.v:3]
INFO: [Synth 8-6155] done synthesizing module 'btn_out' (1#1) [D:/homework/AI_computer/Hardware_System_Design/myCPU/CPUfpga.srcs/sources_1/imports/TINYCPU/fpga/btn_out.v:3]
INFO: [Synth 8-6155] done synthesizing module 'Stall_btn' (2#1) [D:/homework/AI_computer/Hardware_System_Design/myCPU/CPUfpga.srcs/sources_1/imports/TINYCPU/fpga/Stall_btn.v:3]
INFO: [Synth 8-6157] synthesizing module 'Digic_led' [D:/homework/AI_computer/Hardware_System_Design/myCPU/CPUfpga.srcs/sources_1/imports/TINYCPU/fpga/Digic_led.v:3]
INFO: [Synth 8-6157] synthesizing module 'Digic_seg' [D:/homework/AI_computer/Hardware_System_Design/myCPU/CPUfpga.srcs/sources_1/imports/TINYCPU/fpga/Digic_seg.v:3]
	Parameter _0 bound to: 8'b11000000 
	Parameter _1 bound to: 8'b11111001 
	Parameter _2 bound to: 8'b10100100 
	Parameter _3 bound to: 8'b10110000 
	Parameter _4 bound to: 8'b10011001 
	Parameter _5 bound to: 8'b10010010 
	Parameter _6 bound to: 8'b10000010 
	Parameter _7 bound to: 8'b11111000 
	Parameter _8 bound to: 8'b10000000 
	Parameter _9 bound to: 8'b10010000 
	Parameter _A bound to: 8'b10001000 
	Parameter _B bound to: 8'b10000011 
	Parameter _C bound to: 8'b11000110 
	Parameter _D bound to: 8'b10100001 
	Parameter _E bound to: 8'b10000110 
	Parameter _F bound to: 8'b10001110 
INFO: [Synth 8-226] default block is never used [D:/homework/AI_computer/Hardware_System_Design/myCPU/CPUfpga.srcs/sources_1/imports/TINYCPU/fpga/Digic_seg.v:21]
INFO: [Synth 8-6155] done synthesizing module 'Digic_seg' (3#1) [D:/homework/AI_computer/Hardware_System_Design/myCPU/CPUfpga.srcs/sources_1/imports/TINYCPU/fpga/Digic_seg.v:3]
INFO: [Synth 8-6157] synthesizing module 'Counter' [D:/homework/AI_computer/Hardware_System_Design/myCPU/CPUfpga.srcs/sources_1/imports/TINYCPU/fpga/Counter.v:3]
	Parameter OVER bound to: 14'b00000001100100 
INFO: [Synth 8-6155] done synthesizing module 'Counter' (4#1) [D:/homework/AI_computer/Hardware_System_Design/myCPU/CPUfpga.srcs/sources_1/imports/TINYCPU/fpga/Counter.v:3]
INFO: [Synth 8-6155] done synthesizing module 'Digic_led' (5#1) [D:/homework/AI_computer/Hardware_System_Design/myCPU/CPUfpga.srcs/sources_1/imports/TINYCPU/fpga/Digic_led.v:3]
INFO: [Synth 8-6157] synthesizing module 'Switch_led' [D:/homework/AI_computer/Hardware_System_Design/myCPU/CPUfpga.srcs/sources_1/imports/TINYCPU/fpga/Switch_led.v:3]
INFO: [Synth 8-6155] done synthesizing module 'Switch_led' (6#1) [D:/homework/AI_computer/Hardware_System_Design/myCPU/CPUfpga.srcs/sources_1/imports/TINYCPU/fpga/Switch_led.v:3]
INFO: [Synth 8-6157] synthesizing module 'mux_5to1' [D:/homework/AI_computer/Hardware_System_Design/myCPU/CPUfpga.srcs/sources_1/imports/TINYCPU/fpga/mux_5to1.v:6]
INFO: [Synth 8-6155] done synthesizing module 'mux_5to1' (7#1) [D:/homework/AI_computer/Hardware_System_Design/myCPU/CPUfpga.srcs/sources_1/imports/TINYCPU/fpga/mux_5to1.v:6]
INFO: [Synth 8-6157] synthesizing module 'ROM' [D:/homework/AI_computer/Hardware_System_Design/myCPU/CPUfpga.srcs/sources_1/imports/TINYCPU/sim/ROM.v:7]
WARNING: [Synth 8-3848] Net inst_mem[255] in module/entity ROM does not have driver. [D:/homework/AI_computer/Hardware_System_Design/myCPU/CPUfpga.srcs/sources_1/imports/TINYCPU/sim/ROM.v:19]
WARNING: [Synth 8-3848] Net inst_mem[254] in module/entity ROM does not have driver. [D:/homework/AI_computer/Hardware_System_Design/myCPU/CPUfpga.srcs/sources_1/imports/TINYCPU/sim/ROM.v:19]
WARNING: [Synth 8-3848] Net inst_mem[253] in module/entity ROM does not have driver. [D:/homework/AI_computer/Hardware_System_Design/myCPU/CPUfpga.srcs/sources_1/imports/TINYCPU/sim/ROM.v:19]
WARNING: [Synth 8-3848] Net inst_mem[252] in module/entity ROM does not have driver. [D:/homework/AI_computer/Hardware_System_Design/myCPU/CPUfpga.srcs/sources_1/imports/TINYCPU/sim/ROM.v:19]
WARNING: [Synth 8-3848] Net inst_mem[251] in module/entity ROM does not have driver. [D:/homework/AI_computer/Hardware_System_Design/myCPU/CPUfpga.srcs/sources_1/imports/TINYCPU/sim/ROM.v:19]
WARNING: [Synth 8-3848] Net inst_mem[250] in module/entity ROM does not have driver. [D:/homework/AI_computer/Hardware_System_Design/myCPU/CPUfpga.srcs/sources_1/imports/TINYCPU/sim/ROM.v:19]
WARNING: [Synth 8-3848] Net inst_mem[249] in module/entity ROM does not have driver. [D:/homework/AI_computer/Hardware_System_Design/myCPU/CPUfpga.srcs/sources_1/imports/TINYCPU/sim/ROM.v:19]
WARNING: [Synth 8-3848] Net inst_mem[248] in module/entity ROM does not have driver. [D:/homework/AI_computer/Hardware_System_Design/myCPU/CPUfpga.srcs/sources_1/imports/TINYCPU/sim/ROM.v:19]
WARNING: [Synth 8-3848] Net inst_mem[247] in module/entity ROM does not have driver. [D:/homework/AI_computer/Hardware_System_Design/myCPU/CPUfpga.srcs/sources_1/imports/TINYCPU/sim/ROM.v:19]
WARNING: [Synth 8-3848] Net inst_mem[246] in module/entity ROM does not have driver. [D:/homework/AI_computer/Hardware_System_Design/myCPU/CPUfpga.srcs/sources_1/imports/TINYCPU/sim/ROM.v:19]
WARNING: [Synth 8-3848] Net inst_mem[245] in module/entity ROM does not have driver. [D:/homework/AI_computer/Hardware_System_Design/myCPU/CPUfpga.srcs/sources_1/imports/TINYCPU/sim/ROM.v:19]
WARNING: [Synth 8-3848] Net inst_mem[244] in module/entity ROM does not have driver. [D:/homework/AI_computer/Hardware_System_Design/myCPU/CPUfpga.srcs/sources_1/imports/TINYCPU/sim/ROM.v:19]
WARNING: [Synth 8-3848] Net inst_mem[243] in module/entity ROM does not have driver. [D:/homework/AI_computer/Hardware_System_Design/myCPU/CPUfpga.srcs/sources_1/imports/TINYCPU/sim/ROM.v:19]
WARNING: [Synth 8-3848] Net inst_mem[242] in module/entity ROM does not have driver. [D:/homework/AI_computer/Hardware_System_Design/myCPU/CPUfpga.srcs/sources_1/imports/TINYCPU/sim/ROM.v:19]
WARNING: [Synth 8-3848] Net inst_mem[241] in module/entity ROM does not have driver. [D:/homework/AI_computer/Hardware_System_Design/myCPU/CPUfpga.srcs/sources_1/imports/TINYCPU/sim/ROM.v:19]
WARNING: [Synth 8-3848] Net inst_mem[240] in module/entity ROM does not have driver. [D:/homework/AI_computer/Hardware_System_Design/myCPU/CPUfpga.srcs/sources_1/imports/TINYCPU/sim/ROM.v:19]
WARNING: [Synth 8-3848] Net inst_mem[239] in module/entity ROM does not have driver. [D:/homework/AI_computer/Hardware_System_Design/myCPU/CPUfpga.srcs/sources_1/imports/TINYCPU/sim/ROM.v:19]
WARNING: [Synth 8-3848] Net inst_mem[238] in module/entity ROM does not have driver. [D:/homework/AI_computer/Hardware_System_Design/myCPU/CPUfpga.srcs/sources_1/imports/TINYCPU/sim/ROM.v:19]
WARNING: [Synth 8-3848] Net inst_mem[237] in module/entity ROM does not have driver. [D:/homework/AI_computer/Hardware_System_Design/myCPU/CPUfpga.srcs/sources_1/imports/TINYCPU/sim/ROM.v:19]
WARNING: [Synth 8-3848] Net inst_mem[236] in module/entity ROM does not have driver. [D:/homework/AI_computer/Hardware_System_Design/myCPU/CPUfpga.srcs/sources_1/imports/TINYCPU/sim/ROM.v:19]
WARNING: [Synth 8-3848] Net inst_mem[235] in module/entity ROM does not have driver. [D:/homework/AI_computer/Hardware_System_Design/myCPU/CPUfpga.srcs/sources_1/imports/TINYCPU/sim/ROM.v:19]
WARNING: [Synth 8-3848] Net inst_mem[234] in module/entity ROM does not have driver. [D:/homework/AI_computer/Hardware_System_Design/myCPU/CPUfpga.srcs/sources_1/imports/TINYCPU/sim/ROM.v:19]
WARNING: [Synth 8-3848] Net inst_mem[233] in module/entity ROM does not have driver. [D:/homework/AI_computer/Hardware_System_Design/myCPU/CPUfpga.srcs/sources_1/imports/TINYCPU/sim/ROM.v:19]
WARNING: [Synth 8-3848] Net inst_mem[232] in module/entity ROM does not have driver. [D:/homework/AI_computer/Hardware_System_Design/myCPU/CPUfpga.srcs/sources_1/imports/TINYCPU/sim/ROM.v:19]
WARNING: [Synth 8-3848] Net inst_mem[231] in module/entity ROM does not have driver. [D:/homework/AI_computer/Hardware_System_Design/myCPU/CPUfpga.srcs/sources_1/imports/TINYCPU/sim/ROM.v:19]
WARNING: [Synth 8-3848] Net inst_mem[230] in module/entity ROM does not have driver. [D:/homework/AI_computer/Hardware_System_Design/myCPU/CPUfpga.srcs/sources_1/imports/TINYCPU/sim/ROM.v:19]
WARNING: [Synth 8-3848] Net inst_mem[229] in module/entity ROM does not have driver. [D:/homework/AI_computer/Hardware_System_Design/myCPU/CPUfpga.srcs/sources_1/imports/TINYCPU/sim/ROM.v:19]
WARNING: [Synth 8-3848] Net inst_mem[228] in module/entity ROM does not have driver. [D:/homework/AI_computer/Hardware_System_Design/myCPU/CPUfpga.srcs/sources_1/imports/TINYCPU/sim/ROM.v:19]
WARNING: [Synth 8-3848] Net inst_mem[227] in module/entity ROM does not have driver. [D:/homework/AI_computer/Hardware_System_Design/myCPU/CPUfpga.srcs/sources_1/imports/TINYCPU/sim/ROM.v:19]
WARNING: [Synth 8-3848] Net inst_mem[226] in module/entity ROM does not have driver. [D:/homework/AI_computer/Hardware_System_Design/myCPU/CPUfpga.srcs/sources_1/imports/TINYCPU/sim/ROM.v:19]
WARNING: [Synth 8-3848] Net inst_mem[225] in module/entity ROM does not have driver. [D:/homework/AI_computer/Hardware_System_Design/myCPU/CPUfpga.srcs/sources_1/imports/TINYCPU/sim/ROM.v:19]
WARNING: [Synth 8-3848] Net inst_mem[224] in module/entity ROM does not have driver. [D:/homework/AI_computer/Hardware_System_Design/myCPU/CPUfpga.srcs/sources_1/imports/TINYCPU/sim/ROM.v:19]
WARNING: [Synth 8-3848] Net inst_mem[223] in module/entity ROM does not have driver. [D:/homework/AI_computer/Hardware_System_Design/myCPU/CPUfpga.srcs/sources_1/imports/TINYCPU/sim/ROM.v:19]
WARNING: [Synth 8-3848] Net inst_mem[222] in module/entity ROM does not have driver. [D:/homework/AI_computer/Hardware_System_Design/myCPU/CPUfpga.srcs/sources_1/imports/TINYCPU/sim/ROM.v:19]
WARNING: [Synth 8-3848] Net inst_mem[221] in module/entity ROM does not have driver. [D:/homework/AI_computer/Hardware_System_Design/myCPU/CPUfpga.srcs/sources_1/imports/TINYCPU/sim/ROM.v:19]
WARNING: [Synth 8-3848] Net inst_mem[220] in module/entity ROM does not have driver. [D:/homework/AI_computer/Hardware_System_Design/myCPU/CPUfpga.srcs/sources_1/imports/TINYCPU/sim/ROM.v:19]
WARNING: [Synth 8-3848] Net inst_mem[219] in module/entity ROM does not have driver. [D:/homework/AI_computer/Hardware_System_Design/myCPU/CPUfpga.srcs/sources_1/imports/TINYCPU/sim/ROM.v:19]
WARNING: [Synth 8-3848] Net inst_mem[218] in module/entity ROM does not have driver. [D:/homework/AI_computer/Hardware_System_Design/myCPU/CPUfpga.srcs/sources_1/imports/TINYCPU/sim/ROM.v:19]
WARNING: [Synth 8-3848] Net inst_mem[217] in module/entity ROM does not have driver. [D:/homework/AI_computer/Hardware_System_Design/myCPU/CPUfpga.srcs/sources_1/imports/TINYCPU/sim/ROM.v:19]
WARNING: [Synth 8-3848] Net inst_mem[216] in module/entity ROM does not have driver. [D:/homework/AI_computer/Hardware_System_Design/myCPU/CPUfpga.srcs/sources_1/imports/TINYCPU/sim/ROM.v:19]
WARNING: [Synth 8-3848] Net inst_mem[215] in module/entity ROM does not have driver. [D:/homework/AI_computer/Hardware_System_Design/myCPU/CPUfpga.srcs/sources_1/imports/TINYCPU/sim/ROM.v:19]
WARNING: [Synth 8-3848] Net inst_mem[214] in module/entity ROM does not have driver. [D:/homework/AI_computer/Hardware_System_Design/myCPU/CPUfpga.srcs/sources_1/imports/TINYCPU/sim/ROM.v:19]
WARNING: [Synth 8-3848] Net inst_mem[213] in module/entity ROM does not have driver. [D:/homework/AI_computer/Hardware_System_Design/myCPU/CPUfpga.srcs/sources_1/imports/TINYCPU/sim/ROM.v:19]
WARNING: [Synth 8-3848] Net inst_mem[212] in module/entity ROM does not have driver. [D:/homework/AI_computer/Hardware_System_Design/myCPU/CPUfpga.srcs/sources_1/imports/TINYCPU/sim/ROM.v:19]
WARNING: [Synth 8-3848] Net inst_mem[211] in module/entity ROM does not have driver. [D:/homework/AI_computer/Hardware_System_Design/myCPU/CPUfpga.srcs/sources_1/imports/TINYCPU/sim/ROM.v:19]
WARNING: [Synth 8-3848] Net inst_mem[210] in module/entity ROM does not have driver. [D:/homework/AI_computer/Hardware_System_Design/myCPU/CPUfpga.srcs/sources_1/imports/TINYCPU/sim/ROM.v:19]
WARNING: [Synth 8-3848] Net inst_mem[209] in module/entity ROM does not have driver. [D:/homework/AI_computer/Hardware_System_Design/myCPU/CPUfpga.srcs/sources_1/imports/TINYCPU/sim/ROM.v:19]
WARNING: [Synth 8-3848] Net inst_mem[208] in module/entity ROM does not have driver. [D:/homework/AI_computer/Hardware_System_Design/myCPU/CPUfpga.srcs/sources_1/imports/TINYCPU/sim/ROM.v:19]
WARNING: [Synth 8-3848] Net inst_mem[207] in module/entity ROM does not have driver. [D:/homework/AI_computer/Hardware_System_Design/myCPU/CPUfpga.srcs/sources_1/imports/TINYCPU/sim/ROM.v:19]
WARNING: [Synth 8-3848] Net inst_mem[206] in module/entity ROM does not have driver. [D:/homework/AI_computer/Hardware_System_Design/myCPU/CPUfpga.srcs/sources_1/imports/TINYCPU/sim/ROM.v:19]
WARNING: [Synth 8-3848] Net inst_mem[205] in module/entity ROM does not have driver. [D:/homework/AI_computer/Hardware_System_Design/myCPU/CPUfpga.srcs/sources_1/imports/TINYCPU/sim/ROM.v:19]
WARNING: [Synth 8-3848] Net inst_mem[204] in module/entity ROM does not have driver. [D:/homework/AI_computer/Hardware_System_Design/myCPU/CPUfpga.srcs/sources_1/imports/TINYCPU/sim/ROM.v:19]
WARNING: [Synth 8-3848] Net inst_mem[203] in module/entity ROM does not have driver. [D:/homework/AI_computer/Hardware_System_Design/myCPU/CPUfpga.srcs/sources_1/imports/TINYCPU/sim/ROM.v:19]
WARNING: [Synth 8-3848] Net inst_mem[202] in module/entity ROM does not have driver. [D:/homework/AI_computer/Hardware_System_Design/myCPU/CPUfpga.srcs/sources_1/imports/TINYCPU/sim/ROM.v:19]
WARNING: [Synth 8-3848] Net inst_mem[201] in module/entity ROM does not have driver. [D:/homework/AI_computer/Hardware_System_Design/myCPU/CPUfpga.srcs/sources_1/imports/TINYCPU/sim/ROM.v:19]
WARNING: [Synth 8-3848] Net inst_mem[200] in module/entity ROM does not have driver. [D:/homework/AI_computer/Hardware_System_Design/myCPU/CPUfpga.srcs/sources_1/imports/TINYCPU/sim/ROM.v:19]
WARNING: [Synth 8-3848] Net inst_mem[199] in module/entity ROM does not have driver. [D:/homework/AI_computer/Hardware_System_Design/myCPU/CPUfpga.srcs/sources_1/imports/TINYCPU/sim/ROM.v:19]
WARNING: [Synth 8-3848] Net inst_mem[198] in module/entity ROM does not have driver. [D:/homework/AI_computer/Hardware_System_Design/myCPU/CPUfpga.srcs/sources_1/imports/TINYCPU/sim/ROM.v:19]
WARNING: [Synth 8-3848] Net inst_mem[197] in module/entity ROM does not have driver. [D:/homework/AI_computer/Hardware_System_Design/myCPU/CPUfpga.srcs/sources_1/imports/TINYCPU/sim/ROM.v:19]
WARNING: [Synth 8-3848] Net inst_mem[196] in module/entity ROM does not have driver. [D:/homework/AI_computer/Hardware_System_Design/myCPU/CPUfpga.srcs/sources_1/imports/TINYCPU/sim/ROM.v:19]
WARNING: [Synth 8-3848] Net inst_mem[195] in module/entity ROM does not have driver. [D:/homework/AI_computer/Hardware_System_Design/myCPU/CPUfpga.srcs/sources_1/imports/TINYCPU/sim/ROM.v:19]
WARNING: [Synth 8-3848] Net inst_mem[194] in module/entity ROM does not have driver. [D:/homework/AI_computer/Hardware_System_Design/myCPU/CPUfpga.srcs/sources_1/imports/TINYCPU/sim/ROM.v:19]
WARNING: [Synth 8-3848] Net inst_mem[193] in module/entity ROM does not have driver. [D:/homework/AI_computer/Hardware_System_Design/myCPU/CPUfpga.srcs/sources_1/imports/TINYCPU/sim/ROM.v:19]
WARNING: [Synth 8-3848] Net inst_mem[192] in module/entity ROM does not have driver. [D:/homework/AI_computer/Hardware_System_Design/myCPU/CPUfpga.srcs/sources_1/imports/TINYCPU/sim/ROM.v:19]
WARNING: [Synth 8-3848] Net inst_mem[191] in module/entity ROM does not have driver. [D:/homework/AI_computer/Hardware_System_Design/myCPU/CPUfpga.srcs/sources_1/imports/TINYCPU/sim/ROM.v:19]
WARNING: [Synth 8-3848] Net inst_mem[190] in module/entity ROM does not have driver. [D:/homework/AI_computer/Hardware_System_Design/myCPU/CPUfpga.srcs/sources_1/imports/TINYCPU/sim/ROM.v:19]
WARNING: [Synth 8-3848] Net inst_mem[189] in module/entity ROM does not have driver. [D:/homework/AI_computer/Hardware_System_Design/myCPU/CPUfpga.srcs/sources_1/imports/TINYCPU/sim/ROM.v:19]
WARNING: [Synth 8-3848] Net inst_mem[188] in module/entity ROM does not have driver. [D:/homework/AI_computer/Hardware_System_Design/myCPU/CPUfpga.srcs/sources_1/imports/TINYCPU/sim/ROM.v:19]
WARNING: [Synth 8-3848] Net inst_mem[187] in module/entity ROM does not have driver. [D:/homework/AI_computer/Hardware_System_Design/myCPU/CPUfpga.srcs/sources_1/imports/TINYCPU/sim/ROM.v:19]
WARNING: [Synth 8-3848] Net inst_mem[186] in module/entity ROM does not have driver. [D:/homework/AI_computer/Hardware_System_Design/myCPU/CPUfpga.srcs/sources_1/imports/TINYCPU/sim/ROM.v:19]
WARNING: [Synth 8-3848] Net inst_mem[185] in module/entity ROM does not have driver. [D:/homework/AI_computer/Hardware_System_Design/myCPU/CPUfpga.srcs/sources_1/imports/TINYCPU/sim/ROM.v:19]
WARNING: [Synth 8-3848] Net inst_mem[184] in module/entity ROM does not have driver. [D:/homework/AI_computer/Hardware_System_Design/myCPU/CPUfpga.srcs/sources_1/imports/TINYCPU/sim/ROM.v:19]
WARNING: [Synth 8-3848] Net inst_mem[183] in module/entity ROM does not have driver. [D:/homework/AI_computer/Hardware_System_Design/myCPU/CPUfpga.srcs/sources_1/imports/TINYCPU/sim/ROM.v:19]
WARNING: [Synth 8-3848] Net inst_mem[182] in module/entity ROM does not have driver. [D:/homework/AI_computer/Hardware_System_Design/myCPU/CPUfpga.srcs/sources_1/imports/TINYCPU/sim/ROM.v:19]
WARNING: [Synth 8-3848] Net inst_mem[181] in module/entity ROM does not have driver. [D:/homework/AI_computer/Hardware_System_Design/myCPU/CPUfpga.srcs/sources_1/imports/TINYCPU/sim/ROM.v:19]
WARNING: [Synth 8-3848] Net inst_mem[180] in module/entity ROM does not have driver. [D:/homework/AI_computer/Hardware_System_Design/myCPU/CPUfpga.srcs/sources_1/imports/TINYCPU/sim/ROM.v:19]
WARNING: [Synth 8-3848] Net inst_mem[179] in module/entity ROM does not have driver. [D:/homework/AI_computer/Hardware_System_Design/myCPU/CPUfpga.srcs/sources_1/imports/TINYCPU/sim/ROM.v:19]
WARNING: [Synth 8-3848] Net inst_mem[178] in module/entity ROM does not have driver. [D:/homework/AI_computer/Hardware_System_Design/myCPU/CPUfpga.srcs/sources_1/imports/TINYCPU/sim/ROM.v:19]
WARNING: [Synth 8-3848] Net inst_mem[177] in module/entity ROM does not have driver. [D:/homework/AI_computer/Hardware_System_Design/myCPU/CPUfpga.srcs/sources_1/imports/TINYCPU/sim/ROM.v:19]
WARNING: [Synth 8-3848] Net inst_mem[176] in module/entity ROM does not have driver. [D:/homework/AI_computer/Hardware_System_Design/myCPU/CPUfpga.srcs/sources_1/imports/TINYCPU/sim/ROM.v:19]
WARNING: [Synth 8-3848] Net inst_mem[175] in module/entity ROM does not have driver. [D:/homework/AI_computer/Hardware_System_Design/myCPU/CPUfpga.srcs/sources_1/imports/TINYCPU/sim/ROM.v:19]
WARNING: [Synth 8-3848] Net inst_mem[174] in module/entity ROM does not have driver. [D:/homework/AI_computer/Hardware_System_Design/myCPU/CPUfpga.srcs/sources_1/imports/TINYCPU/sim/ROM.v:19]
WARNING: [Synth 8-3848] Net inst_mem[173] in module/entity ROM does not have driver. [D:/homework/AI_computer/Hardware_System_Design/myCPU/CPUfpga.srcs/sources_1/imports/TINYCPU/sim/ROM.v:19]
WARNING: [Synth 8-3848] Net inst_mem[172] in module/entity ROM does not have driver. [D:/homework/AI_computer/Hardware_System_Design/myCPU/CPUfpga.srcs/sources_1/imports/TINYCPU/sim/ROM.v:19]
WARNING: [Synth 8-3848] Net inst_mem[171] in module/entity ROM does not have driver. [D:/homework/AI_computer/Hardware_System_Design/myCPU/CPUfpga.srcs/sources_1/imports/TINYCPU/sim/ROM.v:19]
WARNING: [Synth 8-3848] Net inst_mem[170] in module/entity ROM does not have driver. [D:/homework/AI_computer/Hardware_System_Design/myCPU/CPUfpga.srcs/sources_1/imports/TINYCPU/sim/ROM.v:19]
WARNING: [Synth 8-3848] Net inst_mem[169] in module/entity ROM does not have driver. [D:/homework/AI_computer/Hardware_System_Design/myCPU/CPUfpga.srcs/sources_1/imports/TINYCPU/sim/ROM.v:19]
WARNING: [Synth 8-3848] Net inst_mem[168] in module/entity ROM does not have driver. [D:/homework/AI_computer/Hardware_System_Design/myCPU/CPUfpga.srcs/sources_1/imports/TINYCPU/sim/ROM.v:19]
WARNING: [Synth 8-3848] Net inst_mem[167] in module/entity ROM does not have driver. [D:/homework/AI_computer/Hardware_System_Design/myCPU/CPUfpga.srcs/sources_1/imports/TINYCPU/sim/ROM.v:19]
WARNING: [Synth 8-3848] Net inst_mem[166] in module/entity ROM does not have driver. [D:/homework/AI_computer/Hardware_System_Design/myCPU/CPUfpga.srcs/sources_1/imports/TINYCPU/sim/ROM.v:19]
WARNING: [Synth 8-3848] Net inst_mem[165] in module/entity ROM does not have driver. [D:/homework/AI_computer/Hardware_System_Design/myCPU/CPUfpga.srcs/sources_1/imports/TINYCPU/sim/ROM.v:19]
WARNING: [Synth 8-3848] Net inst_mem[164] in module/entity ROM does not have driver. [D:/homework/AI_computer/Hardware_System_Design/myCPU/CPUfpga.srcs/sources_1/imports/TINYCPU/sim/ROM.v:19]
WARNING: [Synth 8-3848] Net inst_mem[163] in module/entity ROM does not have driver. [D:/homework/AI_computer/Hardware_System_Design/myCPU/CPUfpga.srcs/sources_1/imports/TINYCPU/sim/ROM.v:19]
WARNING: [Synth 8-3848] Net inst_mem[162] in module/entity ROM does not have driver. [D:/homework/AI_computer/Hardware_System_Design/myCPU/CPUfpga.srcs/sources_1/imports/TINYCPU/sim/ROM.v:19]
WARNING: [Synth 8-3848] Net inst_mem[161] in module/entity ROM does not have driver. [D:/homework/AI_computer/Hardware_System_Design/myCPU/CPUfpga.srcs/sources_1/imports/TINYCPU/sim/ROM.v:19]
WARNING: [Synth 8-3848] Net inst_mem[160] in module/entity ROM does not have driver. [D:/homework/AI_computer/Hardware_System_Design/myCPU/CPUfpga.srcs/sources_1/imports/TINYCPU/sim/ROM.v:19]
WARNING: [Synth 8-3848] Net inst_mem[159] in module/entity ROM does not have driver. [D:/homework/AI_computer/Hardware_System_Design/myCPU/CPUfpga.srcs/sources_1/imports/TINYCPU/sim/ROM.v:19]
WARNING: [Synth 8-3848] Net inst_mem[158] in module/entity ROM does not have driver. [D:/homework/AI_computer/Hardware_System_Design/myCPU/CPUfpga.srcs/sources_1/imports/TINYCPU/sim/ROM.v:19]
WARNING: [Synth 8-3848] Net inst_mem[157] in module/entity ROM does not have driver. [D:/homework/AI_computer/Hardware_System_Design/myCPU/CPUfpga.srcs/sources_1/imports/TINYCPU/sim/ROM.v:19]
WARNING: [Synth 8-3848] Net inst_mem[156] in module/entity ROM does not have driver. [D:/homework/AI_computer/Hardware_System_Design/myCPU/CPUfpga.srcs/sources_1/imports/TINYCPU/sim/ROM.v:19]
INFO: [Common 17-14] Message 'Synth 8-3848' appears 100 times and further instances of the messages will be disabled. Use the Tcl command set_msg_config to change the current settings.
INFO: [Synth 8-6155] done synthesizing module 'ROM' (8#1) [D:/homework/AI_computer/Hardware_System_Design/myCPU/CPUfpga.srcs/sources_1/imports/TINYCPU/sim/ROM.v:7]
INFO: [Synth 8-6157] synthesizing module 'RAM' [D:/homework/AI_computer/Hardware_System_Design/myCPU/CPUfpga.srcs/sources_1/imports/TINYCPU/sim/RAM.v:6]
INFO: [Synth 8-6155] done synthesizing module 'RAM' (9#1) [D:/homework/AI_computer/Hardware_System_Design/myCPU/CPUfpga.srcs/sources_1/imports/TINYCPU/sim/RAM.v:6]
INFO: [Synth 8-6157] synthesizing module 'Core' [D:/homework/AI_computer/Hardware_System_Design/myCPU/CPUfpga.srcs/sources_1/imports/core/Core.v:4]
INFO: [Synth 8-6157] synthesizing module 'PC' [D:/homework/AI_computer/Hardware_System_Design/myCPU/CPUfpga.srcs/sources_1/imports/TINYCPU/core/stage/if/PC.v:6]
INFO: [Synth 8-6155] done synthesizing module 'PC' (10#1) [D:/homework/AI_computer/Hardware_System_Design/myCPU/CPUfpga.srcs/sources_1/imports/TINYCPU/core/stage/if/PC.v:6]
INFO: [Synth 8-6157] synthesizing module 'IFID' [D:/homework/AI_computer/Hardware_System_Design/myCPU/CPUfpga.srcs/sources_1/imports/TINYCPU/core/stage/if/IFID.v:5]
INFO: [Synth 8-6157] synthesizing module 'PipelineDeliver' [D:/homework/AI_computer/Hardware_System_Design/myCPU/CPUfpga.srcs/sources_1/imports/TINYCPU/core/pipeline/PipelineDeliver.v:3]
	Parameter WIDTH bound to: 32 - type: integer 
INFO: [Synth 8-6155] done synthesizing module 'PipelineDeliver' (11#1) [D:/homework/AI_computer/Hardware_System_Design/myCPU/CPUfpga.srcs/sources_1/imports/TINYCPU/core/pipeline/PipelineDeliver.v:3]
INFO: [Synth 8-6155] done synthesizing module 'IFID' (12#1) [D:/homework/AI_computer/Hardware_System_Design/myCPU/CPUfpga.srcs/sources_1/imports/TINYCPU/core/stage/if/IFID.v:5]
INFO: [Synth 8-6157] synthesizing module 'ID' [D:/homework/AI_computer/Hardware_System_Design/myCPU/CPUfpga.srcs/sources_1/imports/TINYCPU/core/stage/id/ID.v:8]
INFO: [Synth 8-6157] synthesizing module 'RegGen' [D:/homework/AI_computer/Hardware_System_Design/myCPU/CPUfpga.srcs/sources_1/imports/TINYCPU/core/stage/id/RegGen.v:7]
INFO: [Synth 8-6155] done synthesizing module 'RegGen' (13#1) [D:/homework/AI_computer/Hardware_System_Design/myCPU/CPUfpga.srcs/sources_1/imports/TINYCPU/core/stage/id/RegGen.v:7]
INFO: [Synth 8-6157] synthesizing module 'FunctGen' [D:/homework/AI_computer/Hardware_System_Design/myCPU/CPUfpga.srcs/sources_1/imports/TINYCPU/core/stage/id/FunctGen.v:7]
INFO: [Synth 8-6155] done synthesizing module 'FunctGen' (14#1) [D:/homework/AI_computer/Hardware_System_Design/myCPU/CPUfpga.srcs/sources_1/imports/TINYCPU/core/stage/id/FunctGen.v:7]
INFO: [Synth 8-6157] synthesizing module 'OperandGen' [D:/homework/AI_computer/Hardware_System_Design/myCPU/CPUfpga.srcs/sources_1/imports/TINYCPU/core/stage/id/OperandGen.v:7]
INFO: [Synth 8-6155] done synthesizing module 'OperandGen' (15#1) [D:/homework/AI_computer/Hardware_System_Design/myCPU/CPUfpga.srcs/sources_1/imports/TINYCPU/core/stage/id/OperandGen.v:7]
INFO: [Synth 8-6157] synthesizing module 'BranchGen' [D:/homework/AI_computer/Hardware_System_Design/myCPU/CPUfpga.srcs/sources_1/imports/TINYCPU/core/stage/id/BranchGen.v:7]
INFO: [Synth 8-6155] done synthesizing module 'BranchGen' (16#1) [D:/homework/AI_computer/Hardware_System_Design/myCPU/CPUfpga.srcs/sources_1/imports/TINYCPU/core/stage/id/BranchGen.v:7]
INFO: [Synth 8-6157] synthesizing module 'MemGen' [D:/homework/AI_computer/Hardware_System_Design/myCPU/CPUfpga.srcs/sources_1/imports/TINYCPU/core/stage/id/MemGen.v:6]
INFO: [Synth 8-6155] done synthesizing module 'MemGen' (17#1) [D:/homework/AI_computer/Hardware_System_Design/myCPU/CPUfpga.srcs/sources_1/imports/TINYCPU/core/stage/id/MemGen.v:6]
INFO: [Synth 8-6155] done synthesizing module 'ID' (18#1) [D:/homework/AI_computer/Hardware_System_Design/myCPU/CPUfpga.srcs/sources_1/imports/TINYCPU/core/stage/id/ID.v:8]
INFO: [Synth 8-6157] synthesizing module 'IDEX' [D:/homework/AI_computer/Hardware_System_Design/myCPU/CPUfpga.srcs/sources_1/imports/TINYCPU/core/stage/id/IDEX.v:5]
INFO: [Synth 8-5534] Detected attribute (* dont_touch = "true" *) [D:/homework/AI_computer/Hardware_System_Design/myCPU/CPUfpga.srcs/sources_1/imports/TINYCPU/core/stage/id/IDEX.v:19]
INFO: [Synth 8-5534] Detected attribute (* DONT_TOUCH = "yes" *) [D:/homework/AI_computer/Hardware_System_Design/myCPU/CPUfpga.srcs/sources_1/imports/TINYCPU/core/stage/id/IDEX.v:35]
INFO: [Synth 8-6157] synthesizing module 'PipelineDeliver__parameterized0' [D:/homework/AI_computer/Hardware_System_Design/myCPU/CPUfpga.srcs/sources_1/imports/TINYCPU/core/pipeline/PipelineDeliver.v:3]
	Parameter WIDTH bound to: 1 - type: integer 
INFO: [Synth 8-6155] done synthesizing module 'PipelineDeliver__parameterized0' (18#1) [D:/homework/AI_computer/Hardware_System_Design/myCPU/CPUfpga.srcs/sources_1/imports/TINYCPU/core/pipeline/PipelineDeliver.v:3]
INFO: [Synth 8-6157] synthesizing module 'PipelineDeliver__parameterized1' [D:/homework/AI_computer/Hardware_System_Design/myCPU/CPUfpga.srcs/sources_1/imports/TINYCPU/core/pipeline/PipelineDeliver.v:3]
	Parameter WIDTH bound to: 6 - type: integer 
INFO: [Synth 8-6155] done synthesizing module 'PipelineDeliver__parameterized1' (18#1) [D:/homework/AI_computer/Hardware_System_Design/myCPU/CPUfpga.srcs/sources_1/imports/TINYCPU/core/pipeline/PipelineDeliver.v:3]
INFO: [Synth 8-6157] synthesizing module 'PipelineDeliver__parameterized2' [D:/homework/AI_computer/Hardware_System_Design/myCPU/CPUfpga.srcs/sources_1/imports/TINYCPU/core/pipeline/PipelineDeliver.v:3]
	Parameter WIDTH bound to: 5 - type: integer 
INFO: [Synth 8-6155] done synthesizing module 'PipelineDeliver__parameterized2' (18#1) [D:/homework/AI_computer/Hardware_System_Design/myCPU/CPUfpga.srcs/sources_1/imports/TINYCPU/core/pipeline/PipelineDeliver.v:3]
INFO: [Synth 8-6157] synthesizing module 'PipelineDeliver__parameterized3' [D:/homework/AI_computer/Hardware_System_Design/myCPU/CPUfpga.srcs/sources_1/imports/TINYCPU/core/pipeline/PipelineDeliver.v:3]
	Parameter WIDTH bound to: 4 - type: integer 
INFO: [Synth 8-6155] done synthesizing module 'PipelineDeliver__parameterized3' (18#1) [D:/homework/AI_computer/Hardware_System_Design/myCPU/CPUfpga.srcs/sources_1/imports/TINYCPU/core/pipeline/PipelineDeliver.v:3]
INFO: [Synth 8-6155] done synthesizing module 'IDEX' (19#1) [D:/homework/AI_computer/Hardware_System_Design/myCPU/CPUfpga.srcs/sources_1/imports/TINYCPU/core/stage/id/IDEX.v:5]
INFO: [Synth 8-6157] synthesizing module 'EX' [D:/homework/AI_computer/Hardware_System_Design/myCPU/CPUfpga.srcs/sources_1/imports/TINYCPU/core/stage/ex/EX.v:6]
INFO: [Synth 8-6157] synthesizing module 'Mux' [D:/homework/AI_computer/Hardware_System_Design/myCPU/CPUfpga.srcs/sources_1/imports/TINYCPU/core/stage/ex/Mux.v:4]
INFO: [Synth 8-6155] done synthesizing module 'Mux' (20#1) [D:/homework/AI_computer/Hardware_System_Design/myCPU/CPUfpga.srcs/sources_1/imports/TINYCPU/core/stage/ex/Mux.v:4]
INFO: [Synth 8-6157] synthesizing module 'Adder' [D:/homework/AI_computer/Hardware_System_Design/myCPU/CPUfpga.srcs/sources_1/imports/TINYCPU/core/stage/ex/Adder.v:5]
INFO: [Synth 8-6155] done synthesizing module 'Adder' (21#1) [D:/homework/AI_computer/Hardware_System_Design/myCPU/CPUfpga.srcs/sources_1/imports/TINYCPU/core/stage/ex/Adder.v:5]
INFO: [Synth 8-6157] synthesizing module 'Multiplier' [D:/homework/AI_computer/Hardware_System_Design/myCPU/CPUfpga.srcs/sources_1/imports/TINYCPU/core/stage/ex/Multiplier/Multiplier.v:5]
INFO: [Synth 8-6157] synthesizing module 'rca' [D:/homework/AI_computer/Hardware_System_Design/myCPU/CPUfpga.srcs/sources_1/imports/TINYCPU/core/stage/ex/Multiplier/rca.v:4]
INFO: [Synth 8-6157] synthesizing module 'full_adder' [D:/homework/AI_computer/Hardware_System_Design/myCPU/CPUfpga.srcs/sources_1/imports/TINYCPU/core/stage/ex/Multiplier/full_adder.v:2]
INFO: [Synth 8-6155] done synthesizing module 'full_adder' (22#1) [D:/homework/AI_computer/Hardware_System_Design/myCPU/CPUfpga.srcs/sources_1/imports/TINYCPU/core/stage/ex/Multiplier/full_adder.v:2]
INFO: [Synth 8-6155] done synthesizing module 'rca' (23#1) [D:/homework/AI_computer/Hardware_System_Design/myCPU/CPUfpga.srcs/sources_1/imports/TINYCPU/core/stage/ex/Multiplier/rca.v:4]
INFO: [Synth 8-6157] synthesizing module 'Done_gate' [D:/homework/AI_computer/Hardware_System_Design/myCPU/CPUfpga.srcs/sources_1/imports/TINYCPU/core/stage/ex/Divider/Done_gate.v:4]
INFO: [Synth 8-6155] done synthesizing module 'Done_gate' (24#1) [D:/homework/AI_computer/Hardware_System_Design/myCPU/CPUfpga.srcs/sources_1/imports/TINYCPU/core/stage/ex/Divider/Done_gate.v:4]
INFO: [Synth 8-6155] done synthesizing module 'Multiplier' (25#1) [D:/homework/AI_computer/Hardware_System_Design/myCPU/CPUfpga.srcs/sources_1/imports/TINYCPU/core/stage/ex/Multiplier/Multiplier.v:5]
INFO: [Synth 8-6157] synthesizing module 'Divider' [D:/homework/AI_computer/Hardware_System_Design/myCPU/CPUfpga.srcs/sources_1/imports/TINYCPU/core/stage/ex/Divider/Divider.v:5]
INFO: [Synth 8-6157] synthesizing module 'cas_row' [D:/homework/AI_computer/Hardware_System_Design/myCPU/CPUfpga.srcs/sources_1/imports/TINYCPU/core/stage/ex/Divider/cas_row.v:7]
INFO: [Synth 8-6157] synthesizing module 'cas' [D:/homework/AI_computer/Hardware_System_Design/myCPU/CPUfpga.srcs/sources_1/imports/TINYCPU/core/stage/ex/Divider/cas.v:3]
INFO: [Synth 8-6155] done synthesizing module 'cas' (26#1) [D:/homework/AI_computer/Hardware_System_Design/myCPU/CPUfpga.srcs/sources_1/imports/TINYCPU/core/stage/ex/Divider/cas.v:3]
INFO: [Synth 8-6155] done synthesizing module 'cas_row' (27#1) [D:/homework/AI_computer/Hardware_System_Design/myCPU/CPUfpga.srcs/sources_1/imports/TINYCPU/core/stage/ex/Divider/cas_row.v:7]
INFO: [Synth 8-6155] done synthesizing module 'Divider' (28#1) [D:/homework/AI_computer/Hardware_System_Design/myCPU/CPUfpga.srcs/sources_1/imports/TINYCPU/core/stage/ex/Divider/Divider.v:5]
INFO: [Synth 8-6157] synthesizing module 'Logic' [D:/homework/AI_computer/Hardware_System_Design/myCPU/CPUfpga.srcs/sources_1/imports/TINYCPU/core/stage/ex/Logic.v:5]
INFO: [Synth 8-6155] done synthesizing module 'Logic' (29#1) [D:/homework/AI_computer/Hardware_System_Design/myCPU/CPUfpga.srcs/sources_1/imports/TINYCPU/core/stage/ex/Logic.v:5]
INFO: [Synth 8-6157] synthesizing module 'Hilo_Gen' [D:/homework/AI_computer/Hardware_System_Design/myCPU/CPUfpga.srcs/sources_1/imports/TINYCPU/core/stage/ex/Hilo_Gen.v:5]
INFO: [Synth 8-6155] done synthesizing module 'Hilo_Gen' (30#1) [D:/homework/AI_computer/Hardware_System_Design/myCPU/CPUfpga.srcs/sources_1/imports/TINYCPU/core/stage/ex/Hilo_Gen.v:5]
INFO: [Synth 8-6155] done synthesizing module 'EX' (31#1) [D:/homework/AI_computer/Hardware_System_Design/myCPU/CPUfpga.srcs/sources_1/imports/TINYCPU/core/stage/ex/EX.v:6]
INFO: [Synth 8-6157] synthesizing module 'EXMEM' [D:/homework/AI_computer/Hardware_System_Design/myCPU/CPUfpga.srcs/sources_1/imports/TINYCPU/core/stage/ex/EXMEM.v:5]
INFO: [Synth 8-5534] Detected attribute (* dont_touch = "true" *) [D:/homework/AI_computer/Hardware_System_Design/myCPU/CPUfpga.srcs/sources_1/imports/TINYCPU/core/stage/ex/EXMEM.v:31]
INFO: [Synth 8-6155] done synthesizing module 'EXMEM' (32#1) [D:/homework/AI_computer/Hardware_System_Design/myCPU/CPUfpga.srcs/sources_1/imports/TINYCPU/core/stage/ex/EXMEM.v:5]
INFO: [Synth 8-6157] synthesizing module 'MEM' [D:/homework/AI_computer/Hardware_System_Design/myCPU/CPUfpga.srcs/sources_1/imports/TINYCPU/core/stage/mem/MEM.v:5]
INFO: [Synth 8-226] default block is never used [D:/homework/AI_computer/Hardware_System_Design/myCPU/CPUfpga.srcs/sources_1/imports/TINYCPU/core/stage/mem/MEM.v:83]
INFO: [Synth 8-6155] done synthesizing module 'MEM' (33#1) [D:/homework/AI_computer/Hardware_System_Design/myCPU/CPUfpga.srcs/sources_1/imports/TINYCPU/core/stage/mem/MEM.v:5]
INFO: [Synth 8-6157] synthesizing module 'MEMWB' [D:/homework/AI_computer/Hardware_System_Design/myCPU/CPUfpga.srcs/sources_1/imports/TINYCPU/core/stage/mem/MEMWB.v:5]
INFO: [Synth 8-5534] Detected attribute (* dont_touch = "true" *) [D:/homework/AI_computer/Hardware_System_Design/myCPU/CPUfpga.srcs/sources_1/imports/TINYCPU/core/stage/mem/MEMWB.v:32]
INFO: [Synth 8-6155] done synthesizing module 'MEMWB' (34#1) [D:/homework/AI_computer/Hardware_System_Design/myCPU/CPUfpga.srcs/sources_1/imports/TINYCPU/core/stage/mem/MEMWB.v:5]
INFO: [Synth 8-6157] synthesizing module 'WB' [D:/homework/AI_computer/Hardware_System_Design/myCPU/CPUfpga.srcs/sources_1/imports/TINYCPU/core/stage/wb/WB.v:5]
INFO: [Synth 8-226] default block is never used [D:/homework/AI_computer/Hardware_System_Design/myCPU/CPUfpga.srcs/sources_1/imports/TINYCPU/core/stage/wb/WB.v:49]
INFO: [Synth 8-6155] done synthesizing module 'WB' (35#1) [D:/homework/AI_computer/Hardware_System_Design/myCPU/CPUfpga.srcs/sources_1/imports/TINYCPU/core/stage/wb/WB.v:5]
INFO: [Synth 8-6157] synthesizing module 'RegFile' [D:/homework/AI_computer/Hardware_System_Design/myCPU/CPUfpga.srcs/sources_1/imports/TINYCPU/core/storage/RegFile.v:5]
INFO: [Synth 8-5534] Detected attribute (* dont_touch = "true" *) [D:/homework/AI_computer/Hardware_System_Design/myCPU/CPUfpga.srcs/sources_1/imports/TINYCPU/core/storage/RegFile.v:22]
INFO: [Synth 8-6155] done synthesizing module 'RegFile' (36#1) [D:/homework/AI_computer/Hardware_System_Design/myCPU/CPUfpga.srcs/sources_1/imports/TINYCPU/core/storage/RegFile.v:5]
INFO: [Synth 8-6157] synthesizing module 'RegReadProxy' [D:/homework/AI_computer/Hardware_System_Design/myCPU/CPUfpga.srcs/sources_1/imports/TINYCPU/core/storage/RegReadProxy.v:5]
INFO: [Synth 8-6155] done synthesizing module 'RegReadProxy' (37#1) [D:/homework/AI_computer/Hardware_System_Design/myCPU/CPUfpga.srcs/sources_1/imports/TINYCPU/core/storage/RegReadProxy.v:5]
INFO: [Synth 8-6157] synthesizing module 'HILO' [D:/homework/AI_computer/Hardware_System_Design/myCPU/CPUfpga.srcs/sources_1/imports/TINYCPU/core/storage/HILO.v:3]
INFO: [Synth 8-6155] done synthesizing module 'HILO' (38#1) [D:/homework/AI_computer/Hardware_System_Design/myCPU/CPUfpga.srcs/sources_1/imports/TINYCPU/core/storage/HILO.v:3]
INFO: [Synth 8-6157] synthesizing module 'HILOReadProxy' [D:/homework/AI_computer/Hardware_System_Design/myCPU/CPUfpga.srcs/sources_1/imports/TINYCPU/core/storage/HILOReadProxy.v:4]
INFO: [Synth 8-6155] done synthesizing module 'HILOReadProxy' (39#1) [D:/homework/AI_computer/Hardware_System_Design/myCPU/CPUfpga.srcs/sources_1/imports/TINYCPU/core/storage/HILOReadProxy.v:4]
INFO: [Synth 8-6157] synthesizing module 'PipelineController' [D:/homework/AI_computer/Hardware_System_Design/myCPU/CPUfpga.srcs/sources_1/imports/TINYCPU/core/pipeline/PipelineController.v:5]
INFO: [Synth 8-6155] done synthesizing module 'PipelineController' (40#1) [D:/homework/AI_computer/Hardware_System_Design/myCPU/CPUfpga.srcs/sources_1/imports/TINYCPU/core/pipeline/PipelineController.v:5]
INFO: [Synth 8-6155] done synthesizing module 'Core' (41#1) [D:/homework/AI_computer/Hardware_System_Design/myCPU/CPUfpga.srcs/sources_1/imports/core/Core.v:4]
INFO: [Synth 8-6155] done synthesizing module 'Mycpu_top' (42#1) [D:/homework/AI_computer/Hardware_System_Design/myCPU/CPUfpga.srcs/sources_1/imports/TINYCPU/fpga/Mycpu_top.v:5]
WARNING: [Synth 8-3917] design Mycpu_top has port small_led[7] driven by constant 0
WARNING: [Synth 8-3917] design Mycpu_top has port small_led[6] driven by constant 0
WARNING: [Synth 8-3917] design Mycpu_top has port small_led[5] driven by constant 0
WARNING: [Synth 8-3331] design WB has unconnected port current_pc_addr_in[31]
WARNING: [Synth 8-3331] design WB has unconnected port current_pc_addr_in[30]
WARNING: [Synth 8-3331] design WB has unconnected port current_pc_addr_in[29]
WARNING: [Synth 8-3331] design WB has unconnected port current_pc_addr_in[28]
WARNING: [Synth 8-3331] design WB has unconnected port current_pc_addr_in[27]
WARNING: [Synth 8-3331] design WB has unconnected port current_pc_addr_in[26]
WARNING: [Synth 8-3331] design WB has unconnected port current_pc_addr_in[25]
WARNING: [Synth 8-3331] design WB has unconnected port current_pc_addr_in[24]
WARNING: [Synth 8-3331] design WB has unconnected port current_pc_addr_in[23]
WARNING: [Synth 8-3331] design WB has unconnected port current_pc_addr_in[22]
WARNING: [Synth 8-3331] design WB has unconnected port current_pc_addr_in[21]
WARNING: [Synth 8-3331] design WB has unconnected port current_pc_addr_in[20]
WARNING: [Synth 8-3331] design WB has unconnected port current_pc_addr_in[19]
WARNING: [Synth 8-3331] design WB has unconnected port current_pc_addr_in[18]
WARNING: [Synth 8-3331] design WB has unconnected port current_pc_addr_in[17]
WARNING: [Synth 8-3331] design WB has unconnected port current_pc_addr_in[16]
WARNING: [Synth 8-3331] design WB has unconnected port current_pc_addr_in[15]
WARNING: [Synth 8-3331] design WB has unconnected port current_pc_addr_in[14]
WARNING: [Synth 8-3331] design WB has unconnected port current_pc_addr_in[13]
WARNING: [Synth 8-3331] design WB has unconnected port current_pc_addr_in[12]
WARNING: [Synth 8-3331] design WB has unconnected port current_pc_addr_in[11]
WARNING: [Synth 8-3331] design WB has unconnected port current_pc_addr_in[10]
WARNING: [Synth 8-3331] design WB has unconnected port current_pc_addr_in[9]
WARNING: [Synth 8-3331] design WB has unconnected port current_pc_addr_in[8]
WARNING: [Synth 8-3331] design WB has unconnected port current_pc_addr_in[7]
WARNING: [Synth 8-3331] design WB has unconnected port current_pc_addr_in[6]
WARNING: [Synth 8-3331] design WB has unconnected port current_pc_addr_in[5]
WARNING: [Synth 8-3331] design WB has unconnected port current_pc_addr_in[4]
WARNING: [Synth 8-3331] design WB has unconnected port current_pc_addr_in[3]
WARNING: [Synth 8-3331] design WB has unconnected port current_pc_addr_in[2]
WARNING: [Synth 8-3331] design WB has unconnected port current_pc_addr_in[1]
WARNING: [Synth 8-3331] design WB has unconnected port current_pc_addr_in[0]
WARNING: [Synth 8-3331] design Divider has unconnected port div_en
WARNING: [Synth 8-3331] design Multiplier has unconnected port mul_en
WARNING: [Synth 8-3331] design BranchGen has unconnected port inst[31]
WARNING: [Synth 8-3331] design BranchGen has unconnected port inst[30]
WARNING: [Synth 8-3331] design BranchGen has unconnected port inst[29]
WARNING: [Synth 8-3331] design BranchGen has unconnected port inst[28]
WARNING: [Synth 8-3331] design BranchGen has unconnected port inst[27]
WARNING: [Synth 8-3331] design BranchGen has unconnected port inst[26]
WARNING: [Synth 8-3331] design RAM has unconnected port ram_addr[31]
WARNING: [Synth 8-3331] design RAM has unconnected port ram_addr[30]
WARNING: [Synth 8-3331] design RAM has unconnected port ram_addr[29]
WARNING: [Synth 8-3331] design RAM has unconnected port ram_addr[28]
WARNING: [Synth 8-3331] design RAM has unconnected port ram_addr[27]
WARNING: [Synth 8-3331] design RAM has unconnected port ram_addr[26]
WARNING: [Synth 8-3331] design RAM has unconnected port ram_addr[25]
WARNING: [Synth 8-3331] design RAM has unconnected port ram_addr[24]
WARNING: [Synth 8-3331] design RAM has unconnected port ram_addr[23]
WARNING: [Synth 8-3331] design RAM has unconnected port ram_addr[22]
WARNING: [Synth 8-3331] design RAM has unconnected port ram_addr[21]
WARNING: [Synth 8-3331] design RAM has unconnected port ram_addr[20]
WARNING: [Synth 8-3331] design RAM has unconnected port ram_addr[19]
WARNING: [Synth 8-3331] design RAM has unconnected port ram_addr[18]
WARNING: [Synth 8-3331] design RAM has unconnected port ram_addr[17]
WARNING: [Synth 8-3331] design RAM has unconnected port ram_addr[16]
WARNING: [Synth 8-3331] design RAM has unconnected port ram_addr[15]
WARNING: [Synth 8-3331] design RAM has unconnected port ram_addr[14]
WARNING: [Synth 8-3331] design RAM has unconnected port ram_addr[13]
WARNING: [Synth 8-3331] design RAM has unconnected port ram_addr[12]
WARNING: [Synth 8-3331] design RAM has unconnected port ram_addr[11]
WARNING: [Synth 8-3331] design RAM has unconnected port ram_addr[10]
WARNING: [Synth 8-3331] design RAM has unconnected port ram_addr[9]
WARNING: [Synth 8-3331] design RAM has unconnected port ram_addr[8]
WARNING: [Synth 8-3331] design RAM has unconnected port ram_addr[7]
WARNING: [Synth 8-3331] design RAM has unconnected port ram_addr[1]
WARNING: [Synth 8-3331] design RAM has unconnected port ram_addr[0]
WARNING: [Synth 8-3331] design ROM has unconnected port rom_write_en[3]
WARNING: [Synth 8-3331] design ROM has unconnected port rom_write_en[2]
WARNING: [Synth 8-3331] design ROM has unconnected port rom_write_en[1]
WARNING: [Synth 8-3331] design ROM has unconnected port rom_write_en[0]
WARNING: [Synth 8-3331] design ROM has unconnected port rom_write_data[31]
WARNING: [Synth 8-3331] design ROM has unconnected port rom_write_data[30]
WARNING: [Synth 8-3331] design ROM has unconnected port rom_write_data[29]
WARNING: [Synth 8-3331] design ROM has unconnected port rom_write_data[28]
WARNING: [Synth 8-3331] design ROM has unconnected port rom_write_data[27]
WARNING: [Synth 8-3331] design ROM has unconnected port rom_write_data[26]
WARNING: [Synth 8-3331] design ROM has unconnected port rom_write_data[25]
WARNING: [Synth 8-3331] design ROM has unconnected port rom_write_data[24]
WARNING: [Synth 8-3331] design ROM has unconnected port rom_write_data[23]
WARNING: [Synth 8-3331] design ROM has unconnected port rom_write_data[22]
WARNING: [Synth 8-3331] design ROM has unconnected port rom_write_data[21]
WARNING: [Synth 8-3331] design ROM has unconnected port rom_write_data[20]
WARNING: [Synth 8-3331] design ROM has unconnected port rom_write_data[19]
WARNING: [Synth 8-3331] design ROM has unconnected port rom_write_data[18]
WARNING: [Synth 8-3331] design ROM has unconnected port rom_write_data[17]
WARNING: [Synth 8-3331] design ROM has unconnected port rom_write_data[16]
WARNING: [Synth 8-3331] design ROM has unconnected port rom_write_data[15]
WARNING: [Synth 8-3331] design ROM has unconnected port rom_write_data[14]
WARNING: [Synth 8-3331] design ROM has unconnected port rom_write_data[13]
WARNING: [Synth 8-3331] design ROM has unconnected port rom_write_data[12]
WARNING: [Synth 8-3331] design ROM has unconnected port rom_write_data[11]
WARNING: [Synth 8-3331] design ROM has unconnected port rom_write_data[10]
WARNING: [Synth 8-3331] design ROM has unconnected port rom_write_data[9]
WARNING: [Synth 8-3331] design ROM has unconnected port rom_write_data[8]
WARNING: [Synth 8-3331] design ROM has unconnected port rom_write_data[7]
WARNING: [Synth 8-3331] design ROM has unconnected port rom_write_data[6]
WARNING: [Synth 8-3331] design ROM has unconnected port rom_write_data[5]
WARNING: [Synth 8-3331] design ROM has unconnected port rom_write_data[4]
WARNING: [Synth 8-3331] design ROM has unconnected port rom_write_data[3]
INFO: [Common 17-14] Message 'Synth 8-3331' appears 100 times and further instances of the messages will be disabled. Use the Tcl command set_msg_config to change the current settings.
---------------------------------------------------------------------------------
Finished RTL Elaboration : Time (s): cpu = 00:00:02 ; elapsed = 00:00:03 . Memory (MB): peak = 872.988 ; gain = 257.336
---------------------------------------------------------------------------------

Report Check Netlist: 
+------+------------------+-------+---------+-------+------------------+
|      |Item              |Errors |Warnings |Status |Description       |
+------+------------------+-------+---------+-------+------------------+
|1     |multi_driven_nets |      0|        0|Passed |Multi driven nets |
+------+------------------+-------+---------+-------+------------------+
---------------------------------------------------------------------------------
Start Handling Custom Attributes
---------------------------------------------------------------------------------
---------------------------------------------------------------------------------
Finished Handling Custom Attributes : Time (s): cpu = 00:00:03 ; elapsed = 00:00:03 . Memory (MB): peak = 872.988 ; gain = 257.336
---------------------------------------------------------------------------------
---------------------------------------------------------------------------------
Finished RTL Optimization Phase 1 : Time (s): cpu = 00:00:03 ; elapsed = 00:00:03 . Memory (MB): peak = 872.988 ; gain = 257.336
---------------------------------------------------------------------------------
INFO: [Project 1-570] Preparing netlist for logic optimization

Processing XDC Constraints
Initializing timing engine
Parsing XDC File [D:/homework/AI_computer/Hardware_System_Design/myCPU/CPUfpga.srcs/constrs_1/imports/fpga/digic_led.xdc]
Finished Parsing XDC File [D:/homework/AI_computer/Hardware_System_Design/myCPU/CPUfpga.srcs/constrs_1/imports/fpga/digic_led.xdc]
INFO: [Project 1-236] Implementation specific constraints were found while reading constraint file [D:/homework/AI_computer/Hardware_System_Design/myCPU/CPUfpga.srcs/constrs_1/imports/fpga/digic_led.xdc]. These constraints will be ignored for synthesis but will be used in implementation. Impacted constraints are listed in the file [.Xil/Mycpu_top_propImpl.xdc].
Resolution: To avoid this warning, move constraints listed in [.Xil/Mycpu_top_propImpl.xdc] to another XDC file and exclude this new file from synthesis with the used_in_synthesis property (File Properties dialog in GUI) and re-run elaboration/synthesis.
Completed Processing XDC Constraints

Netlist sorting complete. Time (s): cpu = 00:00:00 ; elapsed = 00:00:00.005 . Memory (MB): peak = 1045.691 ; gain = 0.000
INFO: [Project 1-111] Unisim Transformation Summary:
No Unisim elements were transformed.

Constraint Validation Runtime : Time (s): cpu = 00:00:00 ; elapsed = 00:00:00.046 . Memory (MB): peak = 1045.691 ; gain = 0.000
---------------------------------------------------------------------------------
Finished Constraint Validation : Time (s): cpu = 00:00:07 ; elapsed = 00:00:07 . Memory (MB): peak = 1045.691 ; gain = 430.039
---------------------------------------------------------------------------------
---------------------------------------------------------------------------------
Start Loading Part and Timing Information
---------------------------------------------------------------------------------
Loading part: xc7a35tcsg324-1
---------------------------------------------------------------------------------
Finished Loading Part and Timing Information : Time (s): cpu = 00:00:07 ; elapsed = 00:00:07 . Memory (MB): peak = 1045.691 ; gain = 430.039
---------------------------------------------------------------------------------
---------------------------------------------------------------------------------
Start Applying 'set_property' XDC Constraints
---------------------------------------------------------------------------------
---------------------------------------------------------------------------------
Finished applying 'set_property' XDC Constraints : Time (s): cpu = 00:00:07 ; elapsed = 00:00:07 . Memory (MB): peak = 1045.691 ; gain = 430.039
---------------------------------------------------------------------------------
INFO: [Synth 8-4471] merging register 'inst_mem_reg[39][7:0]' into 'inst_mem_reg[42][7:0]' [D:/homework/AI_computer/Hardware_System_Design/myCPU/CPUfpga.srcs/sources_1/imports/TINYCPU/sim/ROM.v:37]
INFO: [Synth 8-4471] merging register 'inst_mem_reg[38][7:0]' into 'inst_mem_reg[42][7:0]' [D:/homework/AI_computer/Hardware_System_Design/myCPU/CPUfpga.srcs/sources_1/imports/TINYCPU/sim/ROM.v:37]
INFO: [Synth 8-4471] merging register 'inst_mem_reg[34][7:0]' into 'inst_mem_reg[42][7:0]' [D:/homework/AI_computer/Hardware_System_Design/myCPU/CPUfpga.srcs/sources_1/imports/TINYCPU/sim/ROM.v:37]
INFO: [Synth 8-4471] merging register 'inst_mem_reg[32][7:0]' into 'inst_mem_reg[42][7:0]' [D:/homework/AI_computer/Hardware_System_Design/myCPU/CPUfpga.srcs/sources_1/imports/TINYCPU/sim/ROM.v:37]
INFO: [Synth 8-4471] merging register 'inst_mem_reg[31][7:0]' into 'inst_mem_reg[42][7:0]' [D:/homework/AI_computer/Hardware_System_Design/myCPU/CPUfpga.srcs/sources_1/imports/TINYCPU/sim/ROM.v:37]
INFO: [Synth 8-4471] merging register 'inst_mem_reg[30][7:0]' into 'inst_mem_reg[42][7:0]' [D:/homework/AI_computer/Hardware_System_Design/myCPU/CPUfpga.srcs/sources_1/imports/TINYCPU/sim/ROM.v:37]
INFO: [Synth 8-4471] merging register 'inst_mem_reg[27][7:0]' into 'inst_mem_reg[42][7:0]' [D:/homework/AI_computer/Hardware_System_Design/myCPU/CPUfpga.srcs/sources_1/imports/TINYCPU/sim/ROM.v:37]
INFO: [Synth 8-4471] merging register 'inst_mem_reg[26][7:0]' into 'inst_mem_reg[42][7:0]' [D:/homework/AI_computer/Hardware_System_Design/myCPU/CPUfpga.srcs/sources_1/imports/TINYCPU/sim/ROM.v:37]
INFO: [Synth 8-4471] merging register 'inst_mem_reg[22][7:0]' into 'inst_mem_reg[42][7:0]' [D:/homework/AI_computer/Hardware_System_Design/myCPU/CPUfpga.srcs/sources_1/imports/TINYCPU/sim/ROM.v:37]
INFO: [Synth 8-4471] merging register 'inst_mem_reg[20][7:0]' into 'inst_mem_reg[42][7:0]' [D:/homework/AI_computer/Hardware_System_Design/myCPU/CPUfpga.srcs/sources_1/imports/TINYCPU/sim/ROM.v:37]
INFO: [Synth 8-4471] merging register 'inst_mem_reg[19][7:0]' into 'inst_mem_reg[42][7:0]' [D:/homework/AI_computer/Hardware_System_Design/myCPU/CPUfpga.srcs/sources_1/imports/TINYCPU/sim/ROM.v:37]
INFO: [Synth 8-4471] merging register 'inst_mem_reg[18][7:0]' into 'inst_mem_reg[42][7:0]' [D:/homework/AI_computer/Hardware_System_Design/myCPU/CPUfpga.srcs/sources_1/imports/TINYCPU/sim/ROM.v:37]
INFO: [Synth 8-4471] merging register 'inst_mem_reg[16][7:0]' into 'inst_mem_reg[28][7:0]' [D:/homework/AI_computer/Hardware_System_Design/myCPU/CPUfpga.srcs/sources_1/imports/TINYCPU/sim/ROM.v:37]
INFO: [Synth 8-4471] merging register 'inst_mem_reg[15][7:0]' into 'inst_mem_reg[42][7:0]' [D:/homework/AI_computer/Hardware_System_Design/myCPU/CPUfpga.srcs/sources_1/imports/TINYCPU/sim/ROM.v:37]
INFO: [Synth 8-4471] merging register 'inst_mem_reg[14][7:0]' into 'inst_mem_reg[42][7:0]' [D:/homework/AI_computer/Hardware_System_Design/myCPU/CPUfpga.srcs/sources_1/imports/TINYCPU/sim/ROM.v:37]
INFO: [Synth 8-4471] merging register 'inst_mem_reg[13][7:0]' into 'inst_mem_reg[25][7:0]' [D:/homework/AI_computer/Hardware_System_Design/myCPU/CPUfpga.srcs/sources_1/imports/TINYCPU/sim/ROM.v:37]
INFO: [Synth 8-4471] merging register 'inst_mem_reg[12][7:0]' into 'inst_mem_reg[24][7:0]' [D:/homework/AI_computer/Hardware_System_Design/myCPU/CPUfpga.srcs/sources_1/imports/TINYCPU/sim/ROM.v:37]
INFO: [Synth 8-4471] merging register 'inst_mem_reg[10][7:0]' into 'inst_mem_reg[23][7:0]' [D:/homework/AI_computer/Hardware_System_Design/myCPU/CPUfpga.srcs/sources_1/imports/TINYCPU/sim/ROM.v:37]
INFO: [Synth 8-4471] merging register 'inst_mem_reg[9][7:0]' into 'inst_mem_reg[21][7:0]' [D:/homework/AI_computer/Hardware_System_Design/myCPU/CPUfpga.srcs/sources_1/imports/TINYCPU/sim/ROM.v:37]
INFO: [Synth 8-4471] merging register 'inst_mem_reg[8][7:0]' into 'inst_mem_reg[42][7:0]' [D:/homework/AI_computer/Hardware_System_Design/myCPU/CPUfpga.srcs/sources_1/imports/TINYCPU/sim/ROM.v:37]
INFO: [Synth 8-4471] merging register 'inst_mem_reg[7][7:0]' into 'inst_mem_reg[43][7:0]' [D:/homework/AI_computer/Hardware_System_Design/myCPU/CPUfpga.srcs/sources_1/imports/TINYCPU/sim/ROM.v:37]
INFO: [Synth 8-4471] merging register 'inst_mem_reg[6][7:0]' into 'inst_mem_reg[42][7:0]' [D:/homework/AI_computer/Hardware_System_Design/myCPU/CPUfpga.srcs/sources_1/imports/TINYCPU/sim/ROM.v:37]
INFO: [Synth 8-4471] merging register 'inst_mem_reg[5][7:0]' into 'inst_mem_reg[43][7:0]' [D:/homework/AI_computer/Hardware_System_Design/myCPU/CPUfpga.srcs/sources_1/imports/TINYCPU/sim/ROM.v:37]
INFO: [Synth 8-4471] merging register 'inst_mem_reg[4][7:0]' into 'inst_mem_reg[40][7:0]' [D:/homework/AI_computer/Hardware_System_Design/myCPU/CPUfpga.srcs/sources_1/imports/TINYCPU/sim/ROM.v:37]
INFO: [Synth 8-4471] merging register 'inst_mem_reg[2][7:0]' into 'inst_mem_reg[3][7:0]' [D:/homework/AI_computer/Hardware_System_Design/myCPU/CPUfpga.srcs/sources_1/imports/TINYCPU/sim/ROM.v:37]
INFO: [Synth 8-4471] merging register 'inst_mem_reg[0][7:0]' into 'inst_mem_reg[40][7:0]' [D:/homework/AI_computer/Hardware_System_Design/myCPU/CPUfpga.srcs/sources_1/imports/TINYCPU/sim/ROM.v:37]
INFO: [Synth 8-5546] ROM "mem_sel" won't be mapped to RAM because it is too sparse
INFO: [Synth 8-5818] HDL ADVISOR - The operator resource <adder> is shared. To prevent sharing consider applying a KEEP on the output of the operator [D:/homework/AI_computer/Hardware_System_Design/myCPU/CPUfpga.srcs/sources_1/imports/TINYCPU/core/stage/ex/Adder.v:21]
INFO: [Synth 8-5818] HDL ADVISOR - The operator resource <adder> is shared. To prevent sharing consider applying a KEEP on the output of the operator [D:/homework/AI_computer/Hardware_System_Design/myCPU/CPUfpga.srcs/sources_1/imports/TINYCPU/core/stage/ex/Divider/Divider.v:76]
INFO: [Synth 8-5546] ROM "select" won't be mapped to RAM because it is too sparse
WARNING: [Synth 8-327] inferring latch for variable 'result_reg' [D:/homework/AI_computer/Hardware_System_Design/myCPU/CPUfpga.srcs/sources_1/imports/TINYCPU/core/stage/ex/Adder.v:16]
WARNING: [Synth 8-327] inferring latch for variable 'hi_write_data_reg' [D:/homework/AI_computer/Hardware_System_Design/myCPU/CPUfpga.srcs/sources_1/imports/TINYCPU/core/stage/ex/Hilo_Gen.v:35]
WARNING: [Synth 8-327] inferring latch for variable 'lo_write_data_reg' [D:/homework/AI_computer/Hardware_System_Design/myCPU/CPUfpga.srcs/sources_1/imports/TINYCPU/core/stage/ex/Hilo_Gen.v:36]
---------------------------------------------------------------------------------
Finished RTL Optimization Phase 2 : Time (s): cpu = 00:00:08 ; elapsed = 00:00:09 . Memory (MB): peak = 1045.691 ; gain = 430.039
---------------------------------------------------------------------------------

Report RTL Partitions: 
+-+--------------+------------+----------+
| |RTL Partition |Replication |Instances |
+-+--------------+------------+----------+
+-+--------------+------------+----------+
---------------------------------------------------------------------------------
Start RTL Component Statistics 
---------------------------------------------------------------------------------
Detailed RTL Component Info : 
+---Adders : 
	   2 Input     64 Bit       Adders := 1     
	   2 Input     32 Bit       Adders := 7     
	   3 Input     32 Bit       Adders := 5     
	   2 Input     14 Bit       Adders := 2     
	   2 Input      6 Bit       Adders := 1     
+---XORs : 
	   2 Input     32 Bit         XORs := 1     
	   2 Input      1 Bit         XORs := 4097  
+---Registers : 
	               32 Bit    Registers := 52    
	               14 Bit    Registers := 2     
	                8 Bit    Registers := 23    
	                6 Bit    Registers := 1     
	                5 Bit    Registers := 4     
	                4 Bit    Registers := 5     
	                1 Bit    Registers := 24    
+---RAMs : 
	              256 Bit         RAMs := 4     
+---Muxes : 
	   6 Input     64 Bit        Muxes := 1     
	   2 Input     64 Bit        Muxes := 1     
	   9 Input     32 Bit        Muxes := 2     
	   2 Input     32 Bit        Muxes := 102   
	   4 Input     32 Bit        Muxes := 9     
	   3 Input     32 Bit        Muxes := 2     
	   2 Input     14 Bit        Muxes := 2     
	   2 Input      8 Bit        Muxes := 4     
	   7 Input      6 Bit        Muxes := 1     
	   2 Input      6 Bit        Muxes := 2     
	   3 Input      5 Bit        Muxes := 2     
	   2 Input      5 Bit        Muxes := 3     
	   5 Input      5 Bit        Muxes := 1     
	   6 Input      5 Bit        Muxes := 1     
	   5 Input      4 Bit        Muxes := 3     
	   2 Input      4 Bit        Muxes := 5     
	   9 Input      4 Bit        Muxes := 2     
	   4 Input      4 Bit        Muxes := 2     
	   3 Input      4 Bit        Muxes := 1     
	   5 Input      3 Bit        Muxes := 2     
	   6 Input      3 Bit        Muxes := 1     
	   4 Input      2 Bit        Muxes := 2     
	   2 Input      2 Bit        Muxes := 1     
	   2 Input      1 Bit        Muxes := 1079  
	   5 Input      1 Bit        Muxes := 1     
	   3 Input      1 Bit        Muxes := 2     
	   6 Input      1 Bit        Muxes := 3     
---------------------------------------------------------------------------------
Finished RTL Component Statistics 
---------------------------------------------------------------------------------
---------------------------------------------------------------------------------
Start RTL Hierarchical Component Statistics 
---------------------------------------------------------------------------------
Hierarchical RTL Component report 
Module btn_out 
Detailed RTL Component Info : 
+---Registers : 
	                1 Bit    Registers := 4     
Module Stall_btn 
Detailed RTL Component Info : 
+---Registers : 
	                1 Bit    Registers := 2     
+---Muxes : 
	   2 Input      1 Bit        Muxes := 1     
Module Digic_seg 
Detailed RTL Component Info : 
+---Registers : 
	                8 Bit    Registers := 1     
Module Counter 
Detailed RTL Component Info : 
+---Adders : 
	   2 Input     14 Bit       Adders := 2     
+---Registers : 
	               14 Bit    Registers := 2     
+---Muxes : 
	   2 Input     14 Bit        Muxes := 2     
	   2 Input      1 Bit        Muxes := 1     
Module Digic_led 
Detailed RTL Component Info : 
+---Registers : 
	                8 Bit    Registers := 2     
	                4 Bit    Registers := 2     
	                1 Bit    Registers := 1     
+---Muxes : 
	   2 Input      8 Bit        Muxes := 4     
	   5 Input      4 Bit        Muxes := 2     
	   2 Input      4 Bit        Muxes := 2     
	   5 Input      3 Bit        Muxes := 2     
	   2 Input      1 Bit        Muxes := 4     
	   5 Input      1 Bit        Muxes := 1     
Module Switch_led 
Detailed RTL Component Info : 
+---Registers : 
	                8 Bit    Registers := 1     
Module mux_5to1 
Detailed RTL Component Info : 
+---Muxes : 
	   9 Input     32 Bit        Muxes := 1     
	   2 Input     32 Bit        Muxes := 1     
	   9 Input      4 Bit        Muxes := 1     
Module ROM 
Detailed RTL Component Info : 
+---Registers : 
	               32 Bit    Registers := 1     
	                8 Bit    Registers := 18    
Module RAM 
Detailed RTL Component Info : 
+---RAMs : 
	              256 Bit         RAMs := 4     
+---Muxes : 
	   2 Input     32 Bit        Muxes := 1     
Module PC 
Detailed RTL Component Info : 
+---Adders : 
	   2 Input     32 Bit       Adders := 1     
+---Registers : 
	               32 Bit    Registers := 1     
+---Muxes : 
	   2 Input     32 Bit        Muxes := 4     
Module PipelineDeliver 
Detailed RTL Component Info : 
+---Registers : 
	               32 Bit    Registers := 1     
+---Muxes : 
	   2 Input      1 Bit        Muxes := 1     
Module RegGen 
Detailed RTL Component Info : 
+---Muxes : 
	   3 Input      5 Bit        Muxes := 2     
	   2 Input      5 Bit        Muxes := 3     
	   5 Input      5 Bit        Muxes := 1     
	   6 Input      3 Bit        Muxes := 1     
	   3 Input      1 Bit        Muxes := 2     
	   6 Input      1 Bit        Muxes := 1     
Module FunctGen 
Detailed RTL Component Info : 
+---Muxes : 
	   7 Input      6 Bit        Muxes := 1     
	   2 Input      6 Bit        Muxes := 1     
Module OperandGen 
Detailed RTL Component Info : 
+---Adders : 
	   2 Input     32 Bit       Adders := 1     
+---Muxes : 
	   2 Input     32 Bit        Muxes := 3     
	   4 Input     32 Bit        Muxes := 2     
	   4 Input      2 Bit        Muxes := 2     
Module BranchGen 
Detailed RTL Component Info : 
+---Adders : 
	   2 Input     32 Bit       Adders := 2     
+---Muxes : 
	   2 Input     32 Bit        Muxes := 9     
	   2 Input      1 Bit        Muxes := 1     
Module MemGen 
Detailed RTL Component Info : 
+---Muxes : 
	   2 Input     32 Bit        Muxes := 3     
	   5 Input      4 Bit        Muxes := 1     
	   2 Input      1 Bit        Muxes := 6     
Module PipelineDeliver__parameterized0 
Detailed RTL Component Info : 
+---Registers : 
	                1 Bit    Registers := 1     
+---Muxes : 
	   2 Input      1 Bit        Muxes := 1     
Module PipelineDeliver__parameterized1 
Detailed RTL Component Info : 
+---Registers : 
	                6 Bit    Registers := 1     
+---Muxes : 
	   2 Input      1 Bit        Muxes := 1     
Module PipelineDeliver__parameterized2 
Detailed RTL Component Info : 
+---Registers : 
	                5 Bit    Registers := 1     
+---Muxes : 
	   2 Input      1 Bit        Muxes := 1     
Module PipelineDeliver__parameterized3 
Detailed RTL Component Info : 
+---Registers : 
	                4 Bit    Registers := 1     
+---Muxes : 
	   2 Input      1 Bit        Muxes := 1     
Module Mux 
Detailed RTL Component Info : 
+---Muxes : 
	   6 Input     64 Bit        Muxes := 1     
Module Adder 
Detailed RTL Component Info : 
+---Adders : 
	   3 Input     32 Bit       Adders := 1     
+---Muxes : 
	   2 Input     32 Bit        Muxes := 1     
Module full_adder 
Detailed RTL Component Info : 
+---XORs : 
	   2 Input      1 Bit         XORs := 2     
Module Multiplier 
Detailed RTL Component Info : 
+---Adders : 
	   2 Input     64 Bit       Adders := 1     
	   2 Input     32 Bit       Adders := 2     
+---XORs : 
	   2 Input      1 Bit         XORs := 1     
+---Muxes : 
	   2 Input     64 Bit        Muxes := 1     
	   2 Input     32 Bit        Muxes := 2     
Module cas 
Detailed RTL Component Info : 
+---XORs : 
	   2 Input      1 Bit         XORs := 2     
+---Muxes : 
	   2 Input      1 Bit        Muxes := 1     
Module Divider 
Detailed RTL Component Info : 
+---Adders : 
	   3 Input     32 Bit       Adders := 3     
	   2 Input     32 Bit       Adders := 1     
+---XORs : 
	   2 Input      1 Bit         XORs := 64    
+---Muxes : 
	   2 Input     32 Bit        Muxes := 4     
	   2 Input      2 Bit        Muxes := 1     
Module Logic 
Detailed RTL Component Info : 
+---Adders : 
	   3 Input     32 Bit       Adders := 1     
	   2 Input      6 Bit       Adders := 1     
+---XORs : 
	   2 Input     32 Bit         XORs := 1     
+---Muxes : 
	   9 Input     32 Bit        Muxes := 1     
	   2 Input     32 Bit        Muxes := 1     
	   9 Input      4 Bit        Muxes := 1     
	   2 Input      1 Bit        Muxes := 1     
Module Hilo_Gen 
Detailed RTL Component Info : 
+---Muxes : 
	   2 Input     32 Bit        Muxes := 8     
	   4 Input     32 Bit        Muxes := 3     
	   6 Input      1 Bit        Muxes := 2     
Module EX 
Detailed RTL Component Info : 
+---Muxes : 
	   6 Input      5 Bit        Muxes := 1     
Module MEM 
Detailed RTL Component Info : 
+---Muxes : 
	   2 Input     32 Bit        Muxes := 3     
	   4 Input     32 Bit        Muxes := 2     
	   3 Input     32 Bit        Muxes := 1     
	   4 Input      4 Bit        Muxes := 2     
	   3 Input      4 Bit        Muxes := 1     
	   2 Input      4 Bit        Muxes := 2     
Module WB 
Detailed RTL Component Info : 
+---Muxes : 
	   2 Input     32 Bit        Muxes := 9     
	   4 Input     32 Bit        Muxes := 2     
	   3 Input     32 Bit        Muxes := 1     
Module RegFile 
Detailed RTL Component Info : 
+---Registers : 
	               32 Bit    Registers := 32    
+---Muxes : 
	   2 Input     32 Bit        Muxes := 43    
Module RegReadProxy 
Detailed RTL Component Info : 
+---Muxes : 
	   2 Input     32 Bit        Muxes := 6     
Module HILO 
Detailed RTL Component Info : 
+---Registers : 
	               32 Bit    Registers := 2     
Module HILOReadProxy 
Detailed RTL Component Info : 
+---Muxes : 
	   2 Input     32 Bit        Muxes := 4     
Module PipelineController 
Detailed RTL Component Info : 
+---Muxes : 
	   2 Input      6 Bit        Muxes := 1     
	   2 Input      4 Bit        Muxes := 1     
---------------------------------------------------------------------------------
Finished RTL Hierarchical Component Statistics
---------------------------------------------------------------------------------
---------------------------------------------------------------------------------
Start Part Resource Summary
---------------------------------------------------------------------------------
Part Resources:
DSPs: 90 (col length:60)
BRAMs: 100 (col length: RAMB18 60 RAMB36 30)
---------------------------------------------------------------------------------
Finished Part Resource Summary
---------------------------------------------------------------------------------
---------------------------------------------------------------------------------
Start Cross Boundary and Area Optimization
---------------------------------------------------------------------------------
Warning: Parallel synthesis criteria is not met 
WARNING: [Synth 8-3917] design Mycpu_top has port small_led[7] driven by constant 0
WARNING: [Synth 8-3917] design Mycpu_top has port small_led[6] driven by constant 0
WARNING: [Synth 8-3917] design Mycpu_top has port small_led[5] driven by constant 0
INFO: [Synth 8-3886] merging instance 'rom/inst_mem_reg[35][0]' (FDRE) to 'rom/inst_mem_reg[1][1]'
INFO: [Synth 8-3886] merging instance 'rom/inst_mem_reg[33][0]' (FDSE) to 'rom/inst_mem_reg[1][0]'
INFO: [Synth 8-3886] merging instance 'rom/inst_mem_reg[37][0]' (FDRE) to 'rom/inst_mem_reg[1][1]'
INFO: [Synth 8-3886] merging instance 'rom/inst_mem_reg[36][0]' (FDSE) to 'rom/inst_mem_reg[1][0]'
INFO: [Synth 8-3886] merging instance 'rom/inst_mem_reg[41][0]' (FDSE) to 'rom/inst_mem_reg[1][0]'
INFO: [Synth 8-3886] merging instance 'rom/inst_mem_reg[29][0]' (FDSE) to 'rom/inst_mem_reg[1][0]'
INFO: [Synth 8-3886] merging instance 'rom/inst_mem_reg[17][0]' (FDRE) to 'rom/inst_mem_reg[1][1]'
INFO: [Synth 8-3886] merging instance 'rom/inst_mem_reg[28][0]' (FDRE) to 'rom/inst_mem_reg[1][1]'
INFO: [Synth 8-3886] merging instance 'rom/inst_mem_reg[11][0]' (FDSE) to 'rom/inst_mem_reg[1][0]'
INFO: [Synth 8-3886] merging instance 'rom/inst_mem_reg[23][0]' (FDRE) to 'rom/inst_mem_reg[1][1]'
INFO: [Synth 8-3886] merging instance 'rom/inst_mem_reg[21][0]' (FDRE) to 'rom/inst_mem_reg[1][1]'
INFO: [Synth 8-3886] merging instance 'rom/inst_mem_reg[25][0]' (FDSE) to 'rom/inst_mem_reg[1][0]'
INFO: [Synth 8-3886] merging instance 'rom/inst_mem_reg[24][0]' (FDRE) to 'rom/inst_mem_reg[1][1]'
INFO: [Synth 8-3886] merging instance 'rom/inst_mem_reg[42][0]' (FDRE) to 'rom/inst_mem_reg[1][1]'
INFO: [Synth 8-3886] merging instance 'rom/inst_mem_reg[43][0]' (FDRE) to 'rom/inst_mem_reg[1][1]'
INFO: [Synth 8-3886] merging instance 'rom/inst_mem_reg[3][0]' (FDSE) to 'rom/inst_mem_reg[1][0]'
INFO: [Synth 8-3886] merging instance 'rom/inst_mem_reg[1][0]' (FDSE) to 'rom/inst_mem_reg[11][5]'
INFO: [Synth 8-3886] merging instance 'rom/inst_mem_reg[40][0]' (FDRE) to 'rom/inst_mem_reg[1][1]'
INFO: [Synth 8-3886] merging instance 'rom/inst_mem_reg[35][4]' (FDSE) to 'rom/inst_mem_reg[11][5]'
INFO: [Synth 8-3886] merging instance 'rom/inst_mem_reg[33][4]' (FDRE) to 'rom/inst_mem_reg[1][1]'
INFO: [Synth 8-3886] merging instance 'rom/inst_mem_reg[37][4]' (FDSE) to 'rom/inst_mem_reg[11][5]'
INFO: [Synth 8-3886] merging instance 'rom/inst_mem_reg[36][4]' (FDRE) to 'rom/inst_mem_reg[1][1]'
INFO: [Synth 8-3886] merging instance 'rom/inst_mem_reg[41][4]' (FDRE) to 'rom/inst_mem_reg[1][1]'
INFO: [Synth 8-3886] merging instance 'rom/inst_mem_reg[29][4]' (FDRE) to 'rom/inst_mem_reg[1][1]'
INFO: [Synth 8-3886] merging instance 'rom/inst_mem_reg[17][4]' (FDRE) to 'rom/inst_mem_reg[1][1]'
INFO: [Synth 8-3886] merging instance 'rom/inst_mem_reg[28][4]' (FDRE) to 'rom/inst_mem_reg[1][1]'
INFO: [Synth 8-3886] merging instance 'rom/inst_mem_reg[11][4]' (FDRE) to 'rom/inst_mem_reg[1][1]'
INFO: [Synth 8-3886] merging instance 'rom/inst_mem_reg[23][4]' (FDSE) to 'rom/inst_mem_reg[11][5]'
INFO: [Synth 8-3886] merging instance 'rom/inst_mem_reg[21][4]' (FDRE) to 'rom/inst_mem_reg[1][1]'
INFO: [Synth 8-3886] merging instance 'rom/inst_mem_reg[25][4]' (FDRE) to 'rom/inst_mem_reg[1][1]'
INFO: [Synth 8-3886] merging instance 'rom/inst_mem_reg[24][4]' (FDRE) to 'rom/inst_mem_reg[1][1]'
INFO: [Synth 8-3886] merging instance 'rom/inst_mem_reg[42][4]' (FDRE) to 'rom/inst_mem_reg[1][1]'
INFO: [Synth 8-3886] merging instance 'rom/inst_mem_reg[43][4]' (FDRE) to 'rom/inst_mem_reg[1][1]'
INFO: [Synth 8-3886] merging instance 'rom/inst_mem_reg[3][4]' (FDSE) to 'rom/inst_mem_reg[11][5]'
INFO: [Synth 8-3886] merging instance 'rom/inst_mem_reg[1][4]' (FDRE) to 'rom/inst_mem_reg[1][1]'
INFO: [Synth 8-3886] merging instance 'rom/inst_mem_reg[40][4]' (FDRE) to 'rom/inst_mem_reg[1][1]'
INFO: [Synth 8-3886] merging instance 'rom/inst_mem_reg[35][1]' (FDSE) to 'rom/inst_mem_reg[11][5]'
INFO: [Synth 8-3886] merging instance 'rom/inst_mem_reg[33][1]' (FDRE) to 'rom/inst_mem_reg[1][1]'
INFO: [Synth 8-3886] merging instance 'rom/inst_mem_reg[37][1]' (FDRE) to 'rom/inst_mem_reg[1][1]'
INFO: [Synth 8-3886] merging instance 'rom/inst_mem_reg[36][1]' (FDSE) to 'rom/inst_mem_reg[11][5]'
INFO: [Synth 8-3886] merging instance 'rom/inst_mem_reg[41][1]' (FDRE) to 'rom/inst_mem_reg[1][1]'
INFO: [Synth 8-3886] merging instance 'rom/inst_mem_reg[29][1]' (FDRE) to 'rom/inst_mem_reg[1][1]'
INFO: [Synth 8-3886] merging instance 'rom/inst_mem_reg[17][1]' (FDRE) to 'rom/inst_mem_reg[1][1]'
INFO: [Synth 8-3886] merging instance 'rom/inst_mem_reg[28][1]' (FDRE) to 'rom/inst_mem_reg[1][1]'
INFO: [Synth 8-3886] merging instance 'rom/inst_mem_reg[11][1]' (FDRE) to 'rom/inst_mem_reg[1][1]'
INFO: [Synth 8-3886] merging instance 'rom/inst_mem_reg[23][1]' (FDRE) to 'rom/inst_mem_reg[1][1]'
INFO: [Synth 8-3886] merging instance 'rom/inst_mem_reg[21][1]' (FDSE) to 'rom/inst_mem_reg[11][5]'
INFO: [Synth 8-3886] merging instance 'rom/inst_mem_reg[25][1]' (FDSE) to 'rom/inst_mem_reg[11][5]'
INFO: [Synth 8-3886] merging instance 'rom/inst_mem_reg[24][1]' (FDRE) to 'rom/inst_mem_reg[1][1]'
INFO: [Synth 8-3886] merging instance 'rom/inst_mem_reg[42][1]' (FDRE) to 'rom/inst_mem_reg[1][1]'
INFO: [Synth 8-3886] merging instance 'rom/inst_mem_reg[43][1]' (FDSE) to 'rom/inst_mem_reg[11][5]'
INFO: [Synth 8-3886] merging instance 'rom/inst_mem_reg[3][1]' (FDSE) to 'rom/inst_mem_reg[11][5]'
INFO: [Synth 8-3886] merging instance 'rom/inst_mem_reg[1][1]' (FDRE) to 'rom/inst_mem_reg[1][2]'
INFO: [Synth 8-3886] merging instance 'rom/inst_mem_reg[40][1]' (FDRE) to 'rom/inst_mem_reg[1][2]'
INFO: [Synth 8-3886] merging instance 'rom/inst_mem_reg[35][5]' (FDRE) to 'rom/inst_mem_reg[1][2]'
INFO: [Synth 8-3886] merging instance 'rom/inst_mem_reg[33][5]' (FDRE) to 'rom/inst_mem_reg[1][2]'
INFO: [Synth 8-3886] merging instance 'rom/inst_mem_reg[37][5]' (FDSE) to 'rom/inst_mem_reg[11][5]'
INFO: [Synth 8-3886] merging instance 'rom/inst_mem_reg[36][5]' (FDRE) to 'rom/inst_mem_reg[1][2]'
INFO: [Synth 8-3886] merging instance 'rom/inst_mem_reg[41][5]' (FDRE) to 'rom/inst_mem_reg[1][2]'
INFO: [Synth 8-3886] merging instance 'rom/inst_mem_reg[29][5]' (FDRE) to 'rom/inst_mem_reg[1][2]'
INFO: [Synth 8-3886] merging instance 'rom/inst_mem_reg[17][5]' (FDRE) to 'rom/inst_mem_reg[1][2]'
INFO: [Synth 8-3886] merging instance 'rom/inst_mem_reg[28][5]' (FDSE) to 'rom/inst_mem_reg[11][5]'
INFO: [Synth 8-3886] merging instance 'rom/inst_mem_reg[11][5]' (FDSE) to 'rom/inst_mem_reg[21][5]'
INFO: [Synth 8-3886] merging instance 'rom/inst_mem_reg[23][5]' (FDRE) to 'rom/inst_mem_reg[1][2]'
INFO: [Synth 8-3886] merging instance 'rom/inst_mem_reg[21][5]' (FDSE) to 'rom/inst_mem_reg[24][2]'
INFO: [Synth 8-3886] merging instance 'rom/inst_mem_reg[25][5]' (FDRE) to 'rom/inst_mem_reg[1][2]'
INFO: [Synth 8-3886] merging instance 'rom/inst_mem_reg[24][5]' (FDRE) to 'rom/inst_mem_reg[1][2]'
INFO: [Synth 8-3886] merging instance 'rom/inst_mem_reg[42][5]' (FDRE) to 'rom/inst_mem_reg[1][2]'
INFO: [Synth 8-3886] merging instance 'rom/inst_mem_reg[43][5]' (FDRE) to 'rom/inst_mem_reg[1][2]'
INFO: [Synth 8-3886] merging instance 'rom/inst_mem_reg[3][5]' (FDSE) to 'rom/inst_mem_reg[24][2]'
INFO: [Synth 8-3886] merging instance 'rom/inst_mem_reg[1][5]' (FDRE) to 'rom/inst_mem_reg[1][2]'
INFO: [Synth 8-3886] merging instance 'rom/inst_mem_reg[40][5]' (FDSE) to 'rom/inst_mem_reg[24][2]'
INFO: [Synth 8-3886] merging instance 'rom/inst_mem_reg[35][2]' (FDRE) to 'rom/inst_mem_reg[1][2]'
INFO: [Synth 8-3886] merging instance 'rom/inst_mem_reg[33][2]' (FDRE) to 'rom/inst_mem_reg[1][2]'
INFO: [Synth 8-3886] merging instance 'rom/inst_mem_reg[37][2]' (FDRE) to 'rom/inst_mem_reg[1][2]'
INFO: [Synth 8-3886] merging instance 'rom/inst_mem_reg[36][2]' (FDRE) to 'rom/inst_mem_reg[1][2]'
INFO: [Synth 8-3886] merging instance 'rom/inst_mem_reg[41][2]' (FDRE) to 'rom/inst_mem_reg[1][2]'
INFO: [Synth 8-3886] merging instance 'rom/inst_mem_reg[29][2]' (FDSE) to 'rom/inst_mem_reg[24][2]'
INFO: [Synth 8-3886] merging instance 'rom/inst_mem_reg[17][2]' (FDSE) to 'rom/inst_mem_reg[24][2]'
INFO: [Synth 8-3886] merging instance 'rom/inst_mem_reg[28][2]' (FDSE) to 'rom/inst_mem_reg[24][2]'
INFO: [Synth 8-3886] merging instance 'rom/inst_mem_reg[11][2]' (FDRE) to 'rom/inst_mem_reg[1][2]'
INFO: [Synth 8-3886] merging instance 'rom/inst_mem_reg[23][2]' (FDRE) to 'rom/inst_mem_reg[1][2]'
INFO: [Synth 8-3886] merging instance 'rom/inst_mem_reg[21][2]' (FDRE) to 'rom/inst_mem_reg[1][2]'
INFO: [Synth 8-3886] merging instance 'rom/inst_mem_reg[25][2]' (FDRE) to 'rom/inst_mem_reg[1][2]'
INFO: [Synth 8-3886] merging instance 'rom/inst_mem_reg[24][2]' (FDSE) to 'rom/inst_mem_reg[24][3]'
INFO: [Synth 8-3886] merging instance 'rom/inst_mem_reg[42][2]' (FDRE) to 'rom/inst_mem_reg[1][2]'
INFO: [Synth 8-3886] merging instance 'rom/inst_mem_reg[43][2]' (FDRE) to 'rom/inst_mem_reg[1][2]'
INFO: [Synth 8-3886] merging instance 'rom/inst_mem_reg[3][2]' (FDSE) to 'rom/inst_mem_reg[24][3]'
INFO: [Synth 8-3886] merging instance 'rom/inst_mem_reg[1][2]' (FDRE) to 'rom/inst_mem_reg[1][3]'
INFO: [Synth 8-3886] merging instance 'rom/inst_mem_reg[40][2]' (FDSE) to 'rom/inst_mem_reg[24][3]'
INFO: [Synth 8-3886] merging instance 'rom/inst_mem_reg[35][6]' (FDRE) to 'rom/inst_mem_reg[1][3]'
INFO: [Synth 8-3886] merging instance 'rom/inst_mem_reg[33][6]' (FDSE) to 'rom/inst_mem_reg[24][3]'
INFO: [Synth 8-3886] merging instance 'rom/inst_mem_reg[37][6]' (FDSE) to 'rom/inst_mem_reg[24][3]'
INFO: [Synth 8-3886] merging instance 'rom/inst_mem_reg[36][6]' (FDRE) to 'rom/inst_mem_reg[1][3]'
INFO: [Synth 8-3886] merging instance 'rom/inst_mem_reg[41][6]' (FDRE) to 'rom/inst_mem_reg[1][3]'
INFO: [Synth 8-3886] merging instance 'rom/inst_mem_reg[29][6]' (FDSE) to 'rom/inst_mem_reg[24][3]'
INFO: [Synth 8-3886] merging instance 'rom/inst_mem_reg[17][6]' (FDSE) to 'rom/inst_mem_reg[24][3]'
INFO: [Synth 8-3886] merging instance 'rom/inst_mem_reg[28][6]' (FDRE) to 'rom/inst_mem_reg[1][3]'
INFO: [Synth 8-3886] merging instance 'rom/inst_mem_reg[11][6]' (FDRE) to 'rom/inst_mem_reg[1][3]'
INFO: [Synth 8-3886] merging instance 'rom/inst_mem_reg[23][6]' (FDRE) to 'rom/inst_mem_reg[1][3]'
INFO: [Common 17-14] Message 'Synth 8-3886' appears 100 times and further instances of the messages will be disabled. Use the Tcl command set_msg_config to change the current settings.
INFO: [Synth 8-3333] propagating constant 1 across sequential element (rom/\inst_mem_reg[3][7] )
INFO: [Synth 8-3333] propagating constant 0 across sequential element (rom/\inst_mem_reg[40][7] )
---------------------------------------------------------------------------------
Finished Cross Boundary and Area Optimization : Time (s): cpu = 00:00:30 ; elapsed = 00:00:31 . Memory (MB): peak = 1088.039 ; gain = 472.387
---------------------------------------------------------------------------------
---------------------------------------------------------------------------------
Start ROM, RAM, DSP and Shift Register Reporting
---------------------------------------------------------------------------------

Distributed RAM: Preliminary Mapping  Report (see note below)
+------------+-------------------+-----------+----------------------+----------------+
|Module Name | RTL Object        | Inference | Size (Depth x Width) | Primitives     | 
+------------+-------------------+-----------+----------------------+----------------+
|Mycpu_top   | ram/data_mem0_reg | Implied   | 32 x 8               | RAM32X1S x 8   | 
|Mycpu_top   | ram/data_mem1_reg | Implied   | 32 x 8               | RAM32X1S x 8   | 
|Mycpu_top   | ram/data_mem2_reg | Implied   | 32 x 8               | RAM32X1S x 8   | 
|Mycpu_top   | ram/data_mem3_reg | Implied   | 32 x 8               | RAM32X1S x 8   | 
+------------+-------------------+-----------+----------------------+----------------+

Note: The table above is a preliminary report that shows the Distributed RAMs at the current stage of the synthesis flow. Some Distributed RAMs may be reimplemented as non Distributed RAM primitives later in the synthesis flow. Multiple instantiated RAMs are reported only once.
---------------------------------------------------------------------------------
Finished ROM, RAM, DSP and Shift Register Reporting
---------------------------------------------------------------------------------

Report RTL Partitions: 
+-+--------------+------------+----------+
| |RTL Partition |Replication |Instances |
+-+--------------+------------+----------+
+-+--------------+------------+----------+
---------------------------------------------------------------------------------
Start Applying XDC Timing Constraints
---------------------------------------------------------------------------------
---------------------------------------------------------------------------------
Finished Applying XDC Timing Constraints : Time (s): cpu = 00:00:34 ; elapsed = 00:00:35 . Memory (MB): peak = 1088.039 ; gain = 472.387
---------------------------------------------------------------------------------
---------------------------------------------------------------------------------
Start Timing Optimization
---------------------------------------------------------------------------------
---------------------------------------------------------------------------------
Finished Timing Optimization : Time (s): cpu = 00:00:34 ; elapsed = 00:00:36 . Memory (MB): peak = 1088.039 ; gain = 472.387
---------------------------------------------------------------------------------
---------------------------------------------------------------------------------
Start ROM, RAM, DSP and Shift Register Reporting
---------------------------------------------------------------------------------

Distributed RAM: Final Mapping  Report
+------------+-------------------+-----------+----------------------+----------------+
|Module Name | RTL Object        | Inference | Size (Depth x Width) | Primitives     | 
+------------+-------------------+-----------+----------------------+----------------+
|Mycpu_top   | ram/data_mem0_reg | Implied   | 32 x 8               | RAM32X1S x 8   | 
|Mycpu_top   | ram/data_mem1_reg | Implied   | 32 x 8               | RAM32X1S x 8   | 
|Mycpu_top   | ram/data_mem2_reg | Implied   | 32 x 8               | RAM32X1S x 8   | 
|Mycpu_top   | ram/data_mem3_reg | Implied   | 32 x 8               | RAM32X1S x 8   | 
+------------+-------------------+-----------+----------------------+----------------+

---------------------------------------------------------------------------------
Finished ROM, RAM, DSP and Shift Register Reporting
---------------------------------------------------------------------------------

Report RTL Partitions: 
+-+--------------+------------+----------+
| |RTL Partition |Replication |Instances |
+-+--------------+------------+----------+
+-+--------------+------------+----------+
---------------------------------------------------------------------------------
Start Technology Mapping
---------------------------------------------------------------------------------
---------------------------------------------------------------------------------
Finished Technology Mapping : Time (s): cpu = 00:00:38 ; elapsed = 00:00:39 . Memory (MB): peak = 1411.562 ; gain = 795.910
---------------------------------------------------------------------------------

Report RTL Partitions: 
+-+--------------+------------+----------+
| |RTL Partition |Replication |Instances |
+-+--------------+------------+----------+
+-+--------------+------------+----------+
---------------------------------------------------------------------------------
Start IO Insertion
---------------------------------------------------------------------------------
---------------------------------------------------------------------------------
Start Flattening Before IO Insertion
---------------------------------------------------------------------------------
---------------------------------------------------------------------------------
Finished Flattening Before IO Insertion
---------------------------------------------------------------------------------
---------------------------------------------------------------------------------
Start Final Netlist Cleanup
---------------------------------------------------------------------------------
---------------------------------------------------------------------------------
Finished Final Netlist Cleanup
---------------------------------------------------------------------------------
---------------------------------------------------------------------------------
Finished IO Insertion : Time (s): cpu = 00:00:39 ; elapsed = 00:00:40 . Memory (MB): peak = 1411.562 ; gain = 795.910
---------------------------------------------------------------------------------

Report Check Netlist: 
+------+------------------+-------+---------+-------+------------------+
|      |Item              |Errors |Warnings |Status |Description       |
+------+------------------+-------+---------+-------+------------------+
|1     |multi_driven_nets |      0|        0|Passed |Multi driven nets |
+------+------------------+-------+---------+-------+------------------+
---------------------------------------------------------------------------------
Start Renaming Generated Instances
---------------------------------------------------------------------------------
---------------------------------------------------------------------------------
Finished Renaming Generated Instances : Time (s): cpu = 00:00:39 ; elapsed = 00:00:40 . Memory (MB): peak = 1411.562 ; gain = 795.910
---------------------------------------------------------------------------------

Report RTL Partitions: 
+-+--------------+------------+----------+
| |RTL Partition |Replication |Instances |
+-+--------------+------------+----------+
+-+--------------+------------+----------+
---------------------------------------------------------------------------------
Start Rebuilding User Hierarchy
---------------------------------------------------------------------------------
---------------------------------------------------------------------------------
Finished Rebuilding User Hierarchy : Time (s): cpu = 00:00:39 ; elapsed = 00:00:40 . Memory (MB): peak = 1411.562 ; gain = 795.910
---------------------------------------------------------------------------------
---------------------------------------------------------------------------------
Start Renaming Generated Ports
---------------------------------------------------------------------------------
---------------------------------------------------------------------------------
Finished Renaming Generated Ports : Time (s): cpu = 00:00:39 ; elapsed = 00:00:40 . Memory (MB): peak = 1411.562 ; gain = 795.910
---------------------------------------------------------------------------------
---------------------------------------------------------------------------------
Start Handling Custom Attributes
---------------------------------------------------------------------------------
---------------------------------------------------------------------------------
Finished Handling Custom Attributes : Time (s): cpu = 00:00:39 ; elapsed = 00:00:40 . Memory (MB): peak = 1411.562 ; gain = 795.910
---------------------------------------------------------------------------------
---------------------------------------------------------------------------------
Start Renaming Generated Nets
---------------------------------------------------------------------------------
---------------------------------------------------------------------------------
Finished Renaming Generated Nets : Time (s): cpu = 00:00:39 ; elapsed = 00:00:40 . Memory (MB): peak = 1411.562 ; gain = 795.910
---------------------------------------------------------------------------------
---------------------------------------------------------------------------------
Start Writing Synthesis Report
---------------------------------------------------------------------------------

Report BlackBoxes: 
+-+--------------+----------+
| |BlackBox name |Instances |
+-+--------------+----------+
+-+--------------+----------+

Report Cell Usage: 
+------+---------+------+
|      |Cell     |Count |
+------+---------+------+
|1     |BUFG     |     3|
|2     |CARRY4   |   143|
|3     |LUT1     |   128|
|4     |LUT2     |   382|
|5     |LUT3     |   628|
|6     |LUT4     |   375|
|7     |LUT5     |   584|
|8     |LUT6     |  4202|
|9     |MUXF7    |   283|
|10    |MUXF8    |    32|
|11    |RAM32X1S |    32|
|12    |FDCE     |    56|
|13    |FDPE     |    46|
|14    |FDRE     |  1614|
|15    |FDSE     |    28|
|16    |LD       |    64|
|17    |LDC      |    32|
|18    |IBUF     |    15|
|19    |OBUF     |    40|
+------+---------+------+

Report Instance Areas: 
+------+----------------------------------+-----------------------------------+------+
|      |Instance                          |Module                             |Cells |
+------+----------------------------------+-----------------------------------+------+
|1     |top                               |                                   |  8687|
|2     |  core                            |Core                               |  8330|
|3     |    hilo                          |HILO                               |    64|
|4     |    ex_stage                      |EX                                 |   109|
|5     |      adder                       |Adder                              |    32|
|6     |      hilo_gen                    |Hilo_Gen                           |    64|
|7     |      logic                       |Logic                              |    12|
|8     |      mux                         |Mux                                |     1|
|9     |    exmem                         |EXMEM                              |   306|
|10    |      ff_hi_write_data            |PipelineDeliver_21                 |    64|
|11    |      ff_hilo_write_en            |PipelineDeliver__parameterized0_22 |     1|
|12    |      ff_lo_write_data            |PipelineDeliver_23                 |    64|
|13    |      ff_mem_read_flag            |PipelineDeliver__parameterized0_24 |     1|
|14    |      ff_mem_sel                  |PipelineDeliver__parameterized3_25 |     4|
|15    |      ff_mem_sign_flag            |PipelineDeliver__parameterized0_26 |     1|
|16    |      ff_mem_write_data           |PipelineDeliver_27                 |    68|
|17    |      ff_mem_write_flag           |PipelineDeliver__parameterized0_28 |    35|
|18    |      ff_reg_write_addr           |PipelineDeliver__parameterized2_29 |     6|
|19    |      ff_reg_write_en             |PipelineDeliver__parameterized0_30 |     1|
|20    |      ff_result                   |PipelineDeliver_31                 |    61|
|21    |    id_stage                      |ID                                 |    60|
|22    |      branch_gen                  |BranchGen                          |    52|
|23    |      operand_gen                 |OperandGen                         |     8|
|24    |    idex                          |IDEX                               |  4956|
|25    |      ff_funct                    |PipelineDeliver__parameterized1    |   287|
|26    |      ff_mem_read_flag            |PipelineDeliver__parameterized0_10 |     1|
|27    |      ff_mem_sel                  |PipelineDeliver__parameterized3_11 |     4|
|28    |      ff_mem_sign_ext_flag        |PipelineDeliver__parameterized0_12 |     1|
|29    |      ff_mem_write_data           |PipelineDeliver_13                 |    32|
|30    |      ff_mem_write_flag           |PipelineDeliver__parameterized0_14 |     1|
|31    |      ff_next_inst_delayslot_flag |PipelineDeliver__parameterized0_15 |    31|
|32    |      ff_operand_1                |PipelineDeliver_16                 |  2153|
|33    |      ff_operand_2                |PipelineDeliver_17                 |  2273|
|34    |      ff_reg_write_addr           |PipelineDeliver__parameterized2_18 |   142|
|35    |      ff_reg_write_en             |PipelineDeliver__parameterized0_19 |     1|
|36    |      ff_shamt                    |PipelineDeliver__parameterized2_20 |    30|
|37    |    ifid                          |IFID                               |   550|
|38    |      ff_addr                     |PipelineDeliver_8                  |    34|
|39    |      ff_inst                     |PipelineDeliver_9                  |   516|
|40    |    memwb                         |MEMWB                              |   347|
|41    |      ff_hi_write_data            |PipelineDeliver                    |    32|
|42    |      ff_hilo_write_en            |PipelineDeliver__parameterized0    |    21|
|43    |      ff_lo_write_data            |PipelineDeliver_1                  |    88|
|44    |      ff_mem_read_flag            |PipelineDeliver__parameterized0_2  |    22|
|45    |      ff_mem_sel                  |PipelineDeliver__parameterized3    |     4|
|46    |      ff_mem_sign_flag            |PipelineDeliver__parameterized0_3  |     1|
|47    |      ff_mem_write_flag           |PipelineDeliver__parameterized0_4  |     1|
|48    |      ff_ram_read_data            |PipelineDeliver_5                  |    56|
|49    |      ff_reg_write_addr           |PipelineDeliver__parameterized2    |    70|
|50    |      ff_reg_write_en             |PipelineDeliver__parameterized0_6  |     1|
|51    |      ff_result                   |PipelineDeliver_7                  |    51|
|52    |    pc_stage                      |PC                                 |    41|
|53    |    regfile                       |RegFile                            |  1889|
|54    |  digic_led                       |Digic_led                          |   165|
|55    |    counter                       |Counter                            |    90|
|56    |    digic_seg_0                   |Digic_seg                          |    15|
|57    |    digic_seg_1                   |Digic_seg_0                        |    14|
|58    |  ram                             |RAM                                |    33|
|59    |  rom                             |ROM                                |    32|
|60    |  stall_btn                       |Stall_btn                          |    61|
|61    |    btn_out_unit                  |btn_out                            |    57|
|62    |  switch_led                      |Switch_led                         |     8|
+------+----------------------------------+-----------------------------------+------+
---------------------------------------------------------------------------------
Finished Writing Synthesis Report : Time (s): cpu = 00:00:39 ; elapsed = 00:00:40 . Memory (MB): peak = 1411.562 ; gain = 795.910
---------------------------------------------------------------------------------
Synthesis finished with 0 errors, 0 critical warnings and 100 warnings.
Synthesis Optimization Runtime : Time (s): cpu = 00:00:34 ; elapsed = 00:00:38 . Memory (MB): peak = 1411.562 ; gain = 623.207
Synthesis Optimization Complete : Time (s): cpu = 00:00:39 ; elapsed = 00:00:41 . Memory (MB): peak = 1411.562 ; gain = 795.910
INFO: [Project 1-571] Translating synthesized netlist
INFO: [Netlist 29-17] Analyzing 586 Unisim elements for replacement
INFO: [Netlist 29-28] Unisim Transformation completed in 0 CPU seconds
INFO: [Project 1-570] Preparing netlist for logic optimization
INFO: [Opt 31-138] Pushed 0 inverter(s) to 0 load pin(s).
Netlist sorting complete. Time (s): cpu = 00:00:00 ; elapsed = 00:00:00.001 . Memory (MB): peak = 1411.562 ; gain = 0.000
INFO: [Project 1-111] Unisim Transformation Summary:
  A total of 128 instances were transformed.
  LD => LDCE: 64 instances
  LDC => LDCE: 32 instances
  RAM32X1S => RAM32X1S (RAMS32): 32 instances

INFO: [Common 17-83] Releasing license: Synthesis
247 Infos, 209 Warnings, 0 Critical Warnings and 0 Errors encountered.
synth_design completed successfully
synth_design: Time (s): cpu = 00:00:42 ; elapsed = 00:00:46 . Memory (MB): peak = 1411.562 ; gain = 1058.461
Netlist sorting complete. Time (s): cpu = 00:00:00 ; elapsed = 00:00:00.002 . Memory (MB): peak = 1411.562 ; gain = 0.000
WARNING: [Constraints 18-5210] No constraints selected for write.
Resolution: This message can indicate that there are no constraints for the design, or it can indicate that the used_in flags are set such that the constraints are ignored. This later case is used when running synth_design to not write synthesis constraints to the resulting checkpoint. Instead, project constraints are read when the synthesized design is opened.
INFO: [Common 17-1381] The checkpoint 'D:/homework/AI_computer/Hardware_System_Design/myCPU/CPUfpga.runs/synth_1/Mycpu_top.dcp' has been generated.
INFO: [runtcl-4] Executing : report_utilization -file Mycpu_top_utilization_synth.rpt -pb Mycpu_top_utilization_synth.pb
INFO: [Common 17-206] Exiting Vivado at Tue Jan  6 16:55:09 2026...
