Copyright 1986-2019 Xilinx, Inc. All Rights Reserved.
-------------------------------------------------------------------------------------------------------------------------------------------------
| Tool Version     : Vivado v.2019.1 (win64) Build 2552052 Fri May 24 14:49:42 MDT 2019
| Date             : Tue Jan  6 17:05:24 2026
| Host             : Money running 64-bit major release  (build 9200)
| Command          : report_power -file Mycpu_top_power_routed.rpt -pb Mycpu_top_power_summary_routed.pb -rpx Mycpu_top_power_routed.rpx
| Design           : Mycpu_top
| Device           : xc7a35tcsg324-1
| Design State     : routed
| Grade            : commercial
| Process          : typical
| Characterization : Production
-------------------------------------------------------------------------------------------------------------------------------------------------

Power Report

Table of Contents
-----------------
1. Summary
1.1 On-Chip Components
1.2 Power Supply Summary
1.3 Confidence Level
2. Settings
2.1 Environment
2.2 Clock Constraints
3. Detailed Reports
3.1 By Hierarchy

1. Summary
----------

+--------------------------+----------------------------------+
| Total On-Chip Power (W)  | 71.649 (Junction temp exceeded!) |
| Design Power Budget (W)  | Unspecified*                     |
| Power Budget Margin (W)  | NA                               |
| Dynamic (W)              | 71.163                           |
| Device Static (W)        | 0.486                            |
| Effective TJA (C/W)      | 4.8                              |
| Max Ambient (C)          | 0.0                              |
| Junction Temperature (C) | 125.0                            |
| Confidence Level         | Low                              |
| Setting File             | ---                              |
| Simulation Activity File | ---                              |
| Design Nets Matched      | NA                               |
+--------------------------+----------------------------------+
* Specify Design Power Budget using, set_operating_conditions -design_power_budget <value in Watts>


1.1 On-Chip Components
----------------------

+--------------------------+-----------+----------+-----------+-----------------+
| On-Chip                  | Power (W) | Used     | Available | Utilization (%) |
+--------------------------+-----------+----------+-----------+-----------------+
| Slice Logic              |    32.295 |     8605 |       --- |             --- |
|   LUT as Logic           |    31.579 |     5721 |     20800 |           27.50 |
|   CARRY4                 |     0.575 |      143 |      8150 |            1.75 |
|   Register               |     0.074 |     1841 |     41600 |            4.43 |
|   F7/F8 Muxes            |     0.055 |      315 |     32600 |            0.97 |
|   BUFG                   |     0.012 |        3 |        32 |            9.38 |
|   LUT as Distributed RAM |    <0.001 |       32 |      9600 |            0.33 |
|   Others                 |     0.000 |       28 |       --- |             --- |
| Signals                  |    29.339 |     7686 |       --- |             --- |
| I/O                      |     9.529 |       55 |       210 |           26.19 |
| Static Power             |     0.486 |          |           |                 |
| Total                    |    71.649 |          |           |                 |
+--------------------------+-----------+----------+-----------+-----------------+


1.2 Power Supply Summary
------------------------

+-----------+-------------+-----------+-------------+------------+
| Source    | Voltage (V) | Total (A) | Dynamic (A) | Static (A) |
+-----------+-------------+-----------+-------------+------------+
| Vccint    |       1.000 |    62.031 |      61.690 |      0.341 |
| Vccaux    |       1.800 |     0.401 |       0.347 |      0.053 |
| Vcco33    |       3.300 |     2.682 |       2.681 |      0.001 |
| Vcco25    |       2.500 |     0.000 |       0.000 |      0.000 |
| Vcco18    |       1.800 |     0.000 |       0.000 |      0.000 |
| Vcco15    |       1.500 |     0.000 |       0.000 |      0.000 |
| Vcco135   |       1.350 |     0.000 |       0.000 |      0.000 |
| Vcco12    |       1.200 |     0.000 |       0.000 |      0.000 |
| Vccaux_io |       1.800 |     0.000 |       0.000 |      0.000 |
| Vccbram   |       1.000 |     0.010 |       0.000 |      0.010 |
| MGTAVcc   |       1.000 |     0.000 |       0.000 |      0.000 |
| MGTAVtt   |       1.200 |     0.000 |       0.000 |      0.000 |
| Vccadc    |       1.800 |     0.020 |       0.000 |      0.020 |
+-----------+-------------+-----------+-------------+------------+


1.3 Confidence Level
--------------------

+-----------------------------+------------+--------------------------------------------------------+--------------------------------------------------------------------------------------------------------------------+
| User Input Data             | Confidence | Details                                                | Action                                                                                                             |
+-----------------------------+------------+--------------------------------------------------------+--------------------------------------------------------------------------------------------------------------------+
| Design implementation state | High       | Design is routed                                       |                                                                                                                    |
| Clock nodes activity        | Low        | User specified less than 75% of clocks                 | Provide missing clock activity with a constraint file, simulation results or by editing the "By Clock Domain" view |
| I/O nodes activity          | Low        | More than 75% of inputs are missing user specification | Provide missing input activity with simulation results or by editing the "By Resource Type -> I/Os" view           |
| Internal nodes activity     | Medium     | User specified less than 25% of internal nodes         | Provide missing internal nodes activity with simulation results or by editing the "By Resource Type" views         |
| Device models               | High       | Device models are Production                           |                                                                                                                    |
|                             |            |                                                        |                                                                                                                    |
| Overall confidence level    | Low        |                                                        |                                                                                                                    |
+-----------------------------+------------+--------------------------------------------------------+--------------------------------------------------------------------------------------------------------------------+


2. Settings
-----------

2.1 Environment
---------------

+-----------------------+--------------------------+
| Ambient Temp (C)      | 25.0                     |
| ThetaJA (C/W)         | 4.8                      |
| Airflow (LFM)         | 250                      |
| Heat Sink             | medium (Medium Profile)  |
| ThetaSA (C/W)         | 4.6                      |
| Board Selection       | medium (10"x10")         |
| # of Board Layers     | 12to15 (12 to 15 Layers) |
| Board Temperature (C) | 25.0                     |
+-----------------------+--------------------------+


2.2 Clock Constraints
---------------------

+-------+--------+-----------------+
| Clock | Domain | Constraint (ns) |
+-------+--------+-----------------+


3. Detailed Reports
-------------------

3.1 By Hierarchy
----------------

+-----------------------------------+-----------+
| Name                              | Power (W) |
+-----------------------------------+-----------+
| Mycpu_top                         |    71.163 |
|   core                            |    60.721 |
|     ex_stage                      |     0.076 |
|       logic                       |     0.016 |
|       mux                         |     0.059 |
|     exmem                         |     0.071 |
|       ff_hi_write_data            |     0.007 |
|       ff_hilo_write_en            |     0.007 |
|       ff_lo_write_data            |     0.006 |
|       ff_mem_read_flag            |     0.002 |
|       ff_mem_sel                  |     0.001 |
|       ff_mem_write_data           |     0.003 |
|       ff_mem_write_flag           |     0.005 |
|       ff_reg_write_addr           |     0.012 |
|       ff_reg_write_en             |     0.002 |
|       ff_result                   |     0.025 |
|     id_stage                      |     0.551 |
|       branch_gen                  |     0.458 |
|       operand_gen                 |     0.093 |
|     idex                          |    56.430 |
|       ff_funct                    |     0.989 |
|       ff_next_inst_delayslot_flag |     0.334 |
|       ff_operand_1                |    11.659 |
|       ff_operand_2                |    42.415 |
|       ff_reg_write_addr           |     0.991 |
|       ff_reg_write_en             |     0.002 |
|       ff_shamt                    |     0.040 |
|     ifid                          |     1.821 |
|       ff_addr                     |     0.063 |
|       ff_inst                     |     1.758 |
|     memwb                         |     0.632 |
|       ff_hilo_write_en            |     0.021 |
|       ff_lo_write_data            |     0.071 |
|       ff_mem_read_flag            |     0.118 |
|       ff_ram_read_data            |     0.005 |
|       ff_reg_write_addr           |     0.295 |
|       ff_reg_write_en             |     0.013 |
|       ff_result                   |     0.109 |
|     pc_stage                      |     0.151 |
|     regfile                       |     0.951 |
|   digic_led                       |     0.354 |
|     counter                       |     0.274 |
|   rom                             |     0.018 |
|   stall_btn                       |     0.236 |
|     btn_out_unit                  |     0.116 |
|   switch_led                      |     0.026 |
+-----------------------------------+-----------+


